Component: Arm Compiler for Embedded 6.19 Tool: armlink [5e73cb00]

==============================================================================

Section Cross References

    startup_stm32f10x_md.o(STACK) refers (Special) to heapauxi.o(.text) for __use_two_region_memory
    startup_stm32f10x_md.o(HEAP) refers (Special) to heapauxi.o(.text) for __use_two_region_memory
    startup_stm32f10x_md.o(RESET) refers (Special) to heapauxi.o(.text) for __use_two_region_memory
    startup_stm32f10x_md.o(RESET) refers to startup_stm32f10x_md.o(STACK) for __initial_sp
    startup_stm32f10x_md.o(RESET) refers to startup_stm32f10x_md.o(.text) for Reset_Handler
    startup_stm32f10x_md.o(RESET) refers to stm32f10x_it.o(.text.NMI_Handler) for NMI_Handler
    startup_stm32f10x_md.o(RESET) refers to stm32f10x_it.o(.text.HardFault_Handler) for HardFault_Handler
    startup_stm32f10x_md.o(RESET) refers to stm32f10x_it.o(.text.MemManage_Handler) for MemManage_Handler
    startup_stm32f10x_md.o(RESET) refers to stm32f10x_it.o(.text.BusFault_Handler) for BusFault_Handler
    startup_stm32f10x_md.o(RESET) refers to stm32f10x_it.o(.text.UsageFault_Handler) for UsageFault_Handler
    startup_stm32f10x_md.o(RESET) refers to port.o(.text.SVC_Handler) for SVC_Handler
    startup_stm32f10x_md.o(RESET) refers to stm32f10x_it.o(.text.DebugMon_Handler) for DebugMon_Handler
    startup_stm32f10x_md.o(RESET) refers to port.o(.text.PendSV_Handler) for PendSV_Handler
    startup_stm32f10x_md.o(RESET) refers to delay.o(.text.SysTick_Handler) for SysTick_Handler
    startup_stm32f10x_md.o(RESET) refers to usart.o(.text.USART1_IRQHandler) for USART1_IRQHandler
    startup_stm32f10x_md.o(RESET) refers to usart.o(.text.USART3_IRQHandler) for USART3_IRQHandler
    startup_stm32f10x_md.o(.text) refers (Special) to heapauxi.o(.text) for __use_two_region_memory
    startup_stm32f10x_md.o(.text) refers to system_stm32f10x.o(.text.SystemInit) for SystemInit
    startup_stm32f10x_md.o(.text) refers to __main.o(!!!main) for __main
    startup_stm32f10x_md.o(.text) refers to startup_stm32f10x_md.o(HEAP) for Heap_Mem
    startup_stm32f10x_md.o(.text) refers to startup_stm32f10x_md.o(STACK) for Stack_Mem
    event_groups.o(.text) refers (Special) to _printf_percent.o(.ARM.Collect$$_printf_percent$$00000000) for _printf_percent
    event_groups.o(.text) refers (Special) to _printf_s.o(.ARM.Collect$$_printf_percent$$00000014) for _printf_s
    event_groups.o(.text) refers (Special) to _printf_d.o(.ARM.Collect$$_printf_percent$$00000009) for _printf_d
    event_groups.o(.text) refers (Special) to _printf_dec.o(.text) for _printf_int_dec
    event_groups.o(.text) refers (Special) to _printf_str.o(.text) for _printf_str
    event_groups.o(.text.xEventGroupCreate) refers (Special) to _printf_percent.o(.ARM.Collect$$_printf_percent$$00000000) for _printf_percent
    event_groups.o(.text.xEventGroupCreate) refers (Special) to _printf_s.o(.ARM.Collect$$_printf_percent$$00000014) for _printf_s
    event_groups.o(.text.xEventGroupCreate) refers (Special) to _printf_d.o(.ARM.Collect$$_printf_percent$$00000009) for _printf_d
    event_groups.o(.text.xEventGroupCreate) refers (Special) to _printf_dec.o(.text) for _printf_int_dec
    event_groups.o(.text.xEventGroupCreate) refers (Special) to _printf_str.o(.text) for _printf_str
    event_groups.o(.text.xEventGroupCreate) refers to heap_4.o(.text.pvPortMalloc) for pvPortMalloc
    event_groups.o(.text.xEventGroupCreate) refers to list.o(.text.vListInitialise) for vListInitialise
    event_groups.o(.ARM.exidx.text.xEventGroupCreate) refers (Special) to _printf_percent.o(.ARM.Collect$$_printf_percent$$00000000) for _printf_percent
    event_groups.o(.ARM.exidx.text.xEventGroupCreate) refers (Special) to _printf_s.o(.ARM.Collect$$_printf_percent$$00000014) for _printf_s
    event_groups.o(.ARM.exidx.text.xEventGroupCreate) refers (Special) to _printf_d.o(.ARM.Collect$$_printf_percent$$00000009) for _printf_d
    event_groups.o(.ARM.exidx.text.xEventGroupCreate) refers (Special) to _printf_dec.o(.text) for _printf_int_dec
    event_groups.o(.ARM.exidx.text.xEventGroupCreate) refers (Special) to _printf_str.o(.text) for _printf_str
    event_groups.o(.ARM.exidx.text.xEventGroupCreate) refers to event_groups.o(.text.xEventGroupCreate) for [Anonymous Symbol]
    event_groups.o(.text.xEventGroupSync) refers (Special) to _printf_percent.o(.ARM.Collect$$_printf_percent$$00000000) for _printf_percent
    event_groups.o(.text.xEventGroupSync) refers (Special) to _printf_s.o(.ARM.Collect$$_printf_percent$$00000014) for _printf_s
    event_groups.o(.text.xEventGroupSync) refers (Special) to _printf_d.o(.ARM.Collect$$_printf_percent$$00000009) for _printf_d
    event_groups.o(.text.xEventGroupSync) refers (Special) to _printf_dec.o(.text) for _printf_int_dec
    event_groups.o(.text.xEventGroupSync) refers (Special) to _printf_str.o(.text) for _printf_str
[...]
    [Anonymous Symbol]                       0x08000f84   Section        0  stm32f10x_tim.o(.text.TIM_ARRPreloadConfig)
    [Anonymous Symbol]                       0x08000f98   Section        0  stm32f10x_tim.o(.text.TIM_Cmd)
    [Anonymous Symbol]                       0x08000fac   Section        0  stm32f10x_tim.o(.text.TIM_CtrlPWMOutputs)
    [Anonymous Symbol]                       0x08000fc4   Section        0  stm32f10x_tim.o(.text.TIM_OC2PreloadConfig)
    [Anonymous Symbol]                       0x08000fd4   Section        0  stm32f10x_tim.o(.text.TIM_OC4Init)
    [Anonymous Symbol]                       0x08001030   Section        0  stm32f10x_tim.o(.text.TIM_SetCompare4)
    [Anonymous Symbol]                       0x08001038   Section        0  stm32f10x_tim.o(.text.TIM_TimeBaseInit)
    [Anonymous Symbol]                       0x080010e4   Section        0  timer.o(.text.Timer1_Pwm_Init)
    [Anonymous Symbol]                       0x08001168   Section        0  timer.o(.text.Timer2_Pwm_Init)
    [Anonymous Symbol]                       0x080011f0   Section        0  timer.o(.text.Timer3_Pwm_Init)
    [Anonymous Symbol]                       0x08001274   Section        0  timer.o(.text.Timer4_Pwm_Init)
    [Anonymous Symbol]                       0x080012f8   Section        0  usart.o(.text.USART1_IRQHandler)
    [Anonymous Symbol]                       0x08001368   Section        0  usart.o(.text.USART1_Init)
    [Anonymous Symbol]                       0x0800145c   Section        0  usart.o(.text.USART3_IRQHandler)
    [Anonymous Symbol]                       0x08001584   Section        0  usart.o(.text.USART3_Init)
    [Anonymous Symbol]                       0x08001680   Section        0  usart.o(.text.USART3_Send_String)
    [Anonymous Symbol]                       0x080016c4   Section        0  stm32f10x_usart.o(.text.USART_Cmd)
    [Anonymous Symbol]                       0x080016d8   Section        0  stm32f10x_usart.o(.text.USART_GetFlagStatus)
    [Anonymous Symbol]                       0x080016e4   Section        0  stm32f10x_usart.o(.text.USART_GetITStatus)
    [Anonymous Symbol]                       0x08001714   Section        0  stm32f10x_usart.o(.text.USART_ITConfig)
    [Anonymous Symbol]                       0x08001744   Section        0  stm32f10x_usart.o(.text.USART_Init)
    [Anonymous Symbol]                       0x080017fc   Section        0  stm32f10x_usart.o(.text.USART_ReceiveData)
    [Anonymous Symbol]                       0x08001804   Section        0  stm32f10x_usart.o(.text.USART_SendData)
    Update_Car_Motor11_Duty                  0x0800180d   Thumb Code     6  car.o(.text.Update_Car_Motor11_Duty)
    [Anonymous Symbol]                       0x0800180c   Section        0  car.o(.text.Update_Car_Motor11_Duty)
    Update_Car_Motor12_Duty                  0x08001815   Thumb Code     6  car.o(.text.Update_Car_Motor12_Duty)
    [Anonymous Symbol]                       0x08001814   Section        0  car.o(.text.Update_Car_Motor12_Duty)
    Update_Car_Motor21_Duty                  0x0800181d   Thumb Code     6  car.o(.text.Update_Car_Motor21_Duty)
    [Anonymous Symbol]                       0x0800181c   Section        0  car.o(.text.Update_Car_Motor21_Duty)
    Update_Car_Motor22_Duty                  0x08001825   Thumb Code     6  car.o(.text.Update_Car_Motor22_Duty)
    [Anonymous Symbol]                       0x08001824   Section        0  car.o(.text.Update_Car_Motor22_Duty)
    [Anonymous Symbol]                       0x0800182c   Section        0  stm32f10x_it.o(.text.UsageFault_Handler)
    [Anonymous Symbol]                       0x08001830   Section        0  usart.o(.text._sys_exit)
    [Anonymous Symbol]                       0x08001834   Section        0  delay.o(.text.delay_init)
    [Anonymous Symbol]                       0x0800188c   Section        0  usart.o(.text.fputc)
    [Anonymous Symbol]                       0x080018a0   Section        0  main.o(.text.main)
    prvAddCurrentTaskToDelayedList           0x080018f1   Thumb Code   166  tasks.o(.text.prvAddCurrentTaskToDelayedList)
    [Anonymous Symbol]                       0x080018f0   Section        0  tasks.o(.text.prvAddCurrentTaskToDelayedList)
    prvCheckForValidListAndQueue             0x08001999   Thumb Code   104  timers.o(.text.prvCheckForValidListAndQueue)
    [Anonymous Symbol]                       0x08001998   Section        0  timers.o(.text.prvCheckForValidListAndQueue)
    prvIdleTask                              0x08001a09   Thumb Code   142  tasks.o(.text.prvIdleTask)
    [Anonymous Symbol]                       0x08001a08   Section        0  tasks.o(.text.prvIdleTask)
    prvNotifyQueueSetContainer               0x08001a99   Thumb Code   232  queue.o(.text.prvNotifyQueueSetContainer)
    [Anonymous Symbol]                       0x08001a98   Section        0  queue.o(.text.prvNotifyQueueSetContainer)
    prvPortStartFirstTask                    0x08001b81   Thumb Code    32  port.o(.text.prvPortStartFirstTask)
    [Anonymous Symbol]                       0x08001b80   Section        0  port.o(.text.prvPortStartFirstTask)
    prvSampleTimeNow                         0x08001ba1   Thumb Code   252  timers.o(.text.prvSampleTimeNow)
    [Anonymous Symbol]                       0x08001ba0   Section        0  timers.o(.text.prvSampleTimeNow)
    prvTaskExitError                         0x08001c9d   Thumb Code    70  port.o(.text.prvTaskExitError)
    [Anonymous Symbol]                       0x08001c9c   Section        0  port.o(.text.prvTaskExitError)
    prvTimerTask                             0x08001ce5   Thumb Code   678  timers.o(.text.prvTimerTask)
    [Anonymous Symbol]                       0x08001ce4   Section        0  timers.o(.text.prvTimerTask)
    prvUnlockQueue                           0x08001f8d   Thumb Code   136  queue.o(.text.prvUnlockQueue)
    [Anonymous Symbol]                       0x08001f8c   Section        0  queue.o(.text.prvUnlockQueue)
    [Anonymous Symbol]                       0x08002014   Section        0  heap_4.o(.text.pvPortMalloc)
    [Anonymous Symbol]                       0x080021e0   Section        0  tasks.o(.text.pvTaskIncrementMutexHeldCount)
    [Anonymous Symbol]                       0x080021f8   Section        0  port.o(.text.pxPortInitialiseStack)
    [Anonymous Symbol]                       0x08002218   Section        0  list.o(.text.uxListRemove)
    [Anonymous Symbol]                       0x0800223c   Section        0  list.o(.text.vListInitialise)
    [Anonymous Symbol]                       0x0800225c   Section        0  list.o(.text.vListInitialiseItem)
    [Anonymous Symbol]                       0x0800226c   Section        0  list.o(.text.vListInsert)
    [Anonymous Symbol]                       0x080022ec   Section        0  list.o(.text.vListInsertEnd)
    [Anonymous Symbol]                       0x08002358   Section        0  port.o(.text.vPortEnterCritical)
    [Anonymous Symbol]                       0x080023a4   Section        0  port.o(.text.vPortExitCritical)
    [Anonymous Symbol]                       0x080023dc   Section        0  heap_4.o(.text.vPortFree)
    [Anonymous Symbol]                       0x080024c8   Section        0  port.o(.text.vPortSetupTimerInterrupt)
    [Anonymous Symbol]                       0x080024fc   Section        0  queue.o(.text.vQueueAddToRegistry)
    [Anonymous Symbol]                       0x08002524   Section        0  queue.o(.text.vQueueWaitForMessageRestricted)
    [Anonymous Symbol]                       0x0800256c   Section        0  tasks.o(.text.vTaskDelay)
    [Anonymous Symbol]                       0x08002634   Section        0  tasks.o(.text.vTaskDelete)
    [Anonymous Symbol]                       0x08002758   Section        0  tasks.o(.text.vTaskMissedYield)
    [Anonymous Symbol]                       0x08002768   Section        0  tasks.o(.text.vTaskPlaceOnEventList)
    [Anonymous Symbol]                       0x080027a8   Section        0  tasks.o(.text.vTaskPlaceOnEventListRestricted)
    [Anonymous Symbol]                       0x080027f4   Section        0  tasks.o(.text.vTaskPriorityInherit)
    [Anonymous Symbol]                       0x08002884   Section        0  tasks.o(.text.vTaskResume)
    [Anonymous Symbol]                       0x0800292c   Section        0  tasks.o(.text.vTaskSetTimeOutState)
    [Anonymous Symbol]                       0x08002964   Section        0  tasks.o(.text.vTaskStartScheduler)
    [Anonymous Symbol]                       0x08002a04   Section        0  tasks.o(.text.vTaskSuspend)
    [Anonymous Symbol]                       0x08002b88   Section        0  tasks.o(.text.vTaskSuspendAll)
    [Anonymous Symbol]                       0x08002b98   Section        0  tasks.o(.text.vTaskSwitchContext)
    [Anonymous Symbol]                       0x08002c20   Section        0  port.o(.text.xPortStartScheduler)
    [Anonymous Symbol]                       0x08002d30   Section        0  port.o(.text.xPortSysTickHandler)
    [Anonymous Symbol]                       0x08002d60   Section        0  queue.o(.text.xQueueGenericCreate)
    [Anonymous Symbol]                       0x08002df0   Section        0  queue.o(.text.xQueueGenericReceive)
    [Anonymous Symbol]                       0x08002ff0   Section        0  queue.o(.text.xQueueGenericSend)
    [Anonymous Symbol]                       0x08003238   Section        0  tasks.o(.text.xTaskCheckForTimeOut)
    [Anonymous Symbol]                       0x080032d4   Section        0  tasks.o(.text.xTaskCreate)
    [Anonymous Symbol]                       0x080034b4   Section        0  tasks.o(.text.xTaskGetSchedulerState)
    [Anonymous Symbol]                       0x080034dc   Section        0  tasks.o(.text.xTaskGetTickCount)
    [Anonymous Symbol]                       0x080034e8   Section        0  tasks.o(.text.xTaskIncrementTick)
    [Anonymous Symbol]                       0x0800365c   Section        0  tasks.o(.text.xTaskPriorityDisinherit)
    [Anonymous Symbol]                       0x08003714   Section        0  tasks.o(.text.xTaskRemoveFromEventList)
    [Anonymous Symbol]                       0x080037a8   Section        0  tasks.o(.text.xTaskResumeAll)
    [Anonymous Symbol]                       0x080038e4   Section        0  timers.o(.text.xTimerCreateTimerTask)
    x$fpl$ddiv                               0x0800394c   Section      692  ddiv.o(x$fpl$ddiv)
    ddiv_entry                               0x08003953   Thumb Code     0  ddiv.o(x$fpl$ddiv)
    x$fpl$dfix                               0x08003c00   Section       94  dfix.o(x$fpl$dfix)
    x$fpl$dflt                               0x08003c5e   Section       46  dflt_clz.o(x$fpl$dflt)
    x$fpl$dfltu                              0x08003c8c   Section       38  dflt_clz.o(x$fpl$dfltu)
    x$fpl$dmul                               0x08003cb4   Section      340  dmul.o(x$fpl$dmul)
    x$fpl$dnaninf                            0x08003e08   Section      156  dnaninf.o(x$fpl$dnaninf)
    x$fpl$dretinf                            0x08003ea4   Section       12  dretinf.o(x$fpl$dretinf)
    ADCPrescTable                            0x08003eb0   Data           4  stm32f10x_rcc.o(.rodata.ADCPrescTable)
    [Anonymous Symbol]                       0x08003eb0   Section        0  stm32f10x_rcc.o(.rodata.ADCPrescTable)
    x$fpl$usenofp                            0x08003eb0   Section        0  usenofp.o(x$fpl$usenofp)
    APBAHBPrescTable                         0x08003eb4   Data          16  stm32f10x_rcc.o(.rodata.APBAHBPrescTable)
    [Anonymous Symbol]                       0x08003eb4   Section        0  stm32f10x_rcc.o(.rodata.APBAHBPrescTable)
    .L.str                                   0x08003ec4   Data          14  list.o(.rodata.str1.1)
    .L.str                                   0x08003ec4   Data          14  list.o(.rodata.str1.1)
    .L.str                                   0x08003ec4   Data          14  list.o(.rodata.str1.1)
    .L.str                                   0x08003ec4   Data          14  list.o(.rodata.str1.1)
    .L.str                                   0x08003ec4   Data          14  list.o(.rodata.str1.1)
    .L.str.1                                 0x08003ec4   Data          14  list.o(.rodata.str1.1)
    [Anonymous Symbol]                       0x08003ec4   Section        0  list.o(.rodata.str1.1)
    .L.str.1                                 0x08003ed2   Data          19  list.o(.rodata.str1.1)
    .L.str.1                                 0x08003ee5   Data          20  queue.o(.rodata.str1.1)
    [Anonymous Symbol]                       0x08003ee5   Section        0  queue.o(.rodata.str1.1)
    .L.str.1                                 0x08003ef9   Data          20  tasks.o(.rodata.str1.1)
    [Anonymous Symbol]                       0x08003ef9   Section        0  tasks.o(.rodata.str1.1)
    .L.str.2                                 0x08003f0d   Data          21  timers.o(.rodata.str1.1)
    [Anonymous Symbol]                       0x08003f0d   Section        0  timers.o(.rodata.str1.1)
    .L.str.1                                 0x08003f22   Data          41  port.o(.rodata.str1.1)
    [Anonymous Symbol]                       0x08003f22   Section        0  port.o(.rodata.str1.1)
    .L.str.1                                 0x08003f4b   Data          38  heap_4.o(.rodata.str1.1)
    [Anonymous Symbol]                       0x08003f4b   Section        0  heap_4.o(.rodata.str1.1)
    .Lstr.12                                 0x08003f71   Data          42  main.o(.rodata.str1.1)
    [Anonymous Symbol]                       0x08003f71   Section        0  main.o(.rodata.str1.1)
    .Lstr.13                                 0x08003f99   Data           2  main.o(.rodata.str1.1)
    .Lstr.14                                 0x08003f99   Data           2  main.o(.rodata.str1.1)
    .Lstr.15                                 0x08003f99   Data           2  main.o(.rodata.str1.1)
    .Lstr.13                                 0x08003f9b   Data          53  usart.o(.rodata.str1.1)
    .Lstr.14                                 0x08003f9b   Data          53  usart.o(.rodata.str1.1)
    [Anonymous Symbol]                       0x08003f9b   Section        0  usart.o(.rodata.str1.1)
    [Anonymous Symbol]                       0x08003fd0   Section        0  car.o(.rodata.str1.1)
    uxCriticalNesting                        0x20000004   Data           4  port.o(.data.uxCriticalNesting)
    [Anonymous Symbol]                       0x20000004   Section        0  port.o(.data.uxCriticalNesting)
    .bss                                     0x20000068   Section       96  libspace.o(.bss)
    USART3_IRQHandler.car_DataPacket_Rx_Flag 0x2000019e   Data           1  usart.o(.bss.USART3_IRQHandler.car_DataPacket_Rx_Flag)
    [Anonymous Symbol]                       0x2000019e   Section        0  usart.o(.bss.USART3_IRQHandler.car_DataPacket_Rx_Flag)
    USART3_IRQHandler.errTimes               0x2000019f   Data           1  usart.o(.bss.USART3_IRQHandler.errTimes)
    [Anonymous Symbol]                       0x2000019f   Section        0  usart.o(.bss.USART3_IRQHandler.errTimes)
    fac_ms                                   0x20000270   Data           1  delay.o(.bss.fac_ms)
    [Anonymous Symbol]                       0x20000270   Section        0  delay.o(.bss.fac_ms)
    fac_us                                   0x20000271   Data           1  delay.o(.bss.fac_us)
    [Anonymous Symbol]                       0x20000271   Section        0  delay.o(.bss.fac_us)
    prvSampleTimeNow.xLastTime               0x20000274   Data           4  timers.o(.bss.prvSampleTimeNow.xLastTime)
    [Anonymous Symbol]                       0x20000274   Section        0  timers.o(.bss.prvSampleTimeNow.xLastTime)
    pxCurrentTimerList                       0x2000027c   Data           4  timers.o(.bss.pxCurrentTimerList)
    [Anonymous Symbol]                       0x2000027c   Section        0  timers.o(.bss.pxCurrentTimerList)
    pxDelayedTaskList                        0x20000280   Data           4  tasks.o(.bss.pxDelayedTaskList)
    [Anonymous Symbol]                       0x20000280   Section        0  tasks.o(.bss.pxDelayedTaskList)
    pxEnd                                    0x20000284   Data           4  heap_4.o(.bss.pxEnd)
    [Anonymous Symbol]                       0x20000284   Section        0  heap_4.o(.bss.pxEnd)
    pxOverflowDelayedTaskList                0x20000288   Data           4  tasks.o(.bss.pxOverflowDelayedTaskList)
    [Anonymous Symbol]                       0x20000288   Section        0  tasks.o(.bss.pxOverflowDelayedTaskList)
    pxOverflowTimerList                      0x2000028c   Data           4  timers.o(.bss.pxOverflowTimerList)
    [Anonymous Symbol]                       0x2000028c   Section        0  timers.o(.bss.pxOverflowTimerList)
    pxReadyTasksLists                        0x20000290   Data        1024  tasks.o(.bss.pxReadyTasksLists)
    [Anonymous Symbol]                       0x20000290   Section        0  tasks.o(.bss.pxReadyTasksLists)
    ucHeap                                   0x20000690   Data       10240  heap_4.o(.bss.ucHeap)
    [Anonymous Symbol]                       0x20000690   Section        0  heap_4.o(.bss.ucHeap)
    ucMaxSysCallPriority                     0x20002e90   Data           1  port.o(.bss.ucMaxSysCallPriority)
    [Anonymous Symbol]                       0x20002e90   Section        0  port.o(.bss.ucMaxSysCallPriority)
    ulMaxPRIGROUPValue                       0x20002e94   Data           4  port.o(.bss.ulMaxPRIGROUPValue)
    [Anonymous Symbol]                       0x20002e94   Section        0  port.o(.bss.ulMaxPRIGROUPValue)
    uxCurrentNumberOfTasks                   0x20002e98   Data           4  tasks.o(.bss.uxCurrentNumberOfTasks)
    [Anonymous Symbol]                       0x20002e98   Section        0  tasks.o(.bss.uxCurrentNumberOfTasks)
    uxDeletedTasksWaitingCleanUp             0x20002e9c   Data           4  tasks.o(.bss.uxDeletedTasksWaitingCleanUp)
    [Anonymous Symbol]                       0x20002e9c   Section        0  tasks.o(.bss.uxDeletedTasksWaitingCleanUp)
    uxPendedTicks                            0x20002ea0   Data           4  tasks.o(.bss.uxPendedTicks)
    [Anonymous Symbol]                       0x20002ea0   Section        0  tasks.o(.bss.uxPendedTicks)
    uxSchedulerSuspended                     0x20002ea4   Data           4  tasks.o(.bss.uxSchedulerSuspended)
    [Anonymous Symbol]                       0x20002ea4   Section        0  tasks.o(.bss.uxSchedulerSuspended)
    uxTaskNumber                             0x20002ea8   Data           4  tasks.o(.bss.uxTaskNumber)
    [Anonymous Symbol]                       0x20002ea8   Section        0  tasks.o(.bss.uxTaskNumber)
    uxTopReadyPriority                       0x20002eac   Data           4  tasks.o(.bss.uxTopReadyPriority)
    [Anonymous Symbol]                       0x20002eac   Section        0  tasks.o(.bss.uxTopReadyPriority)
    xActiveTimerList1                        0x20002eb0   Data          32  timers.o(.bss.xActiveTimerList1)
    [Anonymous Symbol]                       0x20002eb0   Section        0  timers.o(.bss.xActiveTimerList1)
    xActiveTimerList2                        0x20002ed0   Data          32  timers.o(.bss.xActiveTimerList2)
    [Anonymous Symbol]                       0x20002ed0   Section        0  timers.o(.bss.xActiveTimerList2)
    xBlockAllocatedBit                       0x20002ef0   Data           1  heap_4.o(.bss.xBlockAllocatedBit)
    [Anonymous Symbol]                       0x20002ef0   Section        0  heap_4.o(.bss.xBlockAllocatedBit)
    xDelayedTaskList1                        0x20002ef4   Data          32  tasks.o(.bss.xDelayedTaskList1)
    [Anonymous Symbol]                       0x20002ef4   Section        0  tasks.o(.bss.xDelayedTaskList1)
    xDelayedTaskList2                        0x20002f14   Data          32  tasks.o(.bss.xDelayedTaskList2)
    [Anonymous Symbol]                       0x20002f14   Section        0  tasks.o(.bss.xDelayedTaskList2)
    xFreeBytesRemaining                      0x20002f34   Data           4  heap_4.o(.bss.xFreeBytesRemaining)
    [Anonymous Symbol]                       0x20002f34   Section        0  heap_4.o(.bss.xFreeBytesRemaining)
    xIdleTaskHandle                          0x20002f38   Data           4  tasks.o(.bss.xIdleTaskHandle)
    [Anonymous Symbol]                       0x20002f38   Section        0  tasks.o(.bss.xIdleTaskHandle)
    xMinimumEverFreeBytesRemaining           0x20002f3c   Data           4  heap_4.o(.bss.xMinimumEverFreeBytesRemaining)
    [Anonymous Symbol]                       0x20002f3c   Section        0  heap_4.o(.bss.xMinimumEverFreeBytesRemaining)
    xNextTaskUnblockTime                     0x20002f40   Data           4  tasks.o(.bss.xNextTaskUnblockTime)
    [Anonymous Symbol]                       0x20002f40   Section        0  tasks.o(.bss.xNextTaskUnblockTime)
    xNumOfOverflows                          0x20002f44   Data           4  tasks.o(.bss.xNumOfOverflows)
    [Anonymous Symbol]                       0x20002f44   Section        0  tasks.o(.bss.xNumOfOverflows)
    xPendingReadyList                        0x20002f48   Data          32  tasks.o(.bss.xPendingReadyList)
    [Anonymous Symbol]                       0x20002f48   Section        0  tasks.o(.bss.xPendingReadyList)
    xSchedulerRunning                        0x20002fa8   Data           4  tasks.o(.bss.xSchedulerRunning)
    [Anonymous Symbol]                       0x20002fa8   Section        0  tasks.o(.bss.xSchedulerRunning)
    xStart                                   0x20002fac   Data           8  heap_4.o(.bss.xStart)
    [Anonymous Symbol]                       0x20002fac   Section        0  heap_4.o(.bss.xStart)
    xSuspendedTaskList                       0x20002fb4   Data          32  tasks.o(.bss.xSuspendedTaskList)
    [Anonymous Symbol]                       0x20002fb4   Section        0  tasks.o(.bss.xSuspendedTaskList)
    xTasksWaitingTermination                 0x20002fd4   Data          32  tasks.o(.bss.xTasksWaitingTermination)
    [Anonymous Symbol]                       0x20002fd4   Section        0  tasks.o(.bss.xTasksWaitingTermination)
    xTickCount                               0x20002ff4   Data           4  tasks.o(.bss.xTickCount)
    [Anonymous Symbol]                       0x20002ff4   Section        0  tasks.o(.bss.xTickCount)
    xTimerQueue                              0x20002ff8   Data           4  timers.o(.bss.xTimerQueue)
    [Anonymous Symbol]                       0x20002ff8   Section        0  timers.o(.bss.xTimerQueue)
    xTimerTaskHandle                         0x20002ffc   Data           4  timers.o(.bss.xTimerTaskHandle)
    [Anonymous Symbol]                       0x20002ffc   Section        0  timers.o(.bss.xTimerTaskHandle)
    xYieldPending                            0x20003000   Data           4  tasks.o(.bss.xYieldPending)
    [Anonymous Symbol]                       0x20003000   Section        0  tasks.o(.bss.xYieldPending)
    Heap_Mem                                 0x20003008   Data         512  startup_stm32f10x_md.o(HEAP)
    HEAP                                     0x20003008   Section      512  startup_stm32f10x_md.o(HEAP)
    Stack_Mem                                0x20003208   Data        1024  startup_stm32f10x_md.o(STACK)
    STACK                                    0x20003208   Section     1024  startup_stm32f10x_md.o(STACK)
    __initial_sp                             0x20003608   Data           0  startup_stm32f10x_md.o(STACK)

    Global Symbols

    Symbol Name                              Value     Ov Type        Size  Object(Section)

    BuildAttributes$$THM_ISAv4$P$D$K$B$S$PE$A:L22UL41UL21$X:L11$S22US41US21$IEEE1$IW$~IW$USESV6$~STKCKD$USESV7$~SHL$OTIME$ROPI$EBA8$UX$STANDARDLIB$REQ8$PRES8$EABIv2 0x00000000   Number         0  anon$$obj.o ABSOLUTE
    __fp_init_empty                          0x00000000   Number         0  fpinit_empty.o ABSOLUTE
    __ARM_exceptions_init                     - Undefined Weak Reference
    __alloca_initialize                       - Undefined Weak Reference
    __arm_preinit_                            - Undefined Weak Reference
    __arm_relocate_pie_                       - Undefined Weak Reference
    __cpp_initialize__aeabi_                  - Undefined Weak Reference
    __cxa_finalize                            - Undefined Weak Reference
    __rt_locale                               - Undefined Weak Reference
    __sigvec_lookup                           - Undefined Weak Reference
    _atexit_init                              - Undefined Weak Reference
    _call_atexit_fns                          - Undefined Weak Reference
    _clock_init                               - Undefined Weak Reference
    _fp_trap_init                             - Undefined Weak Reference
    _fp_trap_shutdown                         - Undefined Weak Reference
    _get_lc_collate                           - Undefined Weak Reference
    _get_lc_ctype                             - Undefined Weak Reference
    _get_lc_monetary                          - Undefined Weak Reference
    _get_lc_numeric                           - Undefined Weak Reference
    _get_lc_time                              - Undefined Weak Reference
    _getenv_init                              - Undefined Weak Reference
    _handle_redirection                       - Undefined Weak Reference
    _init_alloc                               - Undefined Weak Reference
    _init_user_alloc                          - Undefined Weak Reference
    _initio                                   - Undefined Weak Reference
    _mutex_acquire                            - Undefined Weak Reference
    _mutex_release                            - Undefined Weak Reference
    _printf_mbtowc                            - Undefined Weak Reference
    _printf_post_padding                      - Undefined Weak Reference
    _printf_pre_padding                       - Undefined Weak Reference
    _printf_truncate_signed                   - Undefined Weak Reference
    _printf_truncate_unsigned                 - Undefined Weak Reference
    _rand_init                                - Undefined Weak Reference
    _signal_finish                            - Undefined Weak Reference
    _signal_init                              - Undefined Weak Reference
    _terminate_alloc                          - Undefined Weak Reference
    _terminate_user_alloc                     - Undefined Weak Reference
    _terminateio                              - Undefined Weak Reference
    __Vectors_Size                           0x000000ec   Number         0  startup_stm32f10x_md.o ABSOLUTE
    __Vectors                                0x08000000   Data           4  startup_stm32f10x_md.o(RESET)
    __Vectors_End                            0x080000ec   Data           0  startup_stm32f10x_md.o(RESET)
    __main                                   0x080000ed   Thumb Code     8  __main.o(!!!main)
    __scatterload                            0x080000f5   Thumb Code     0  __scatter.o(!!!scatter)
    __scatterload_rt2                        0x080000f5   Thumb Code    44  __scatter.o(!!!scatter)
    __scatterload_rt2_thumb_only             0x080000f5   Thumb Code     0  __scatter.o(!!!scatter)
    __scatterload_null                       0x08000103   Thumb Code     0  __scatter.o(!!!scatter)
    __scatterload_copy                       0x08000129   Thumb Code    26  __scatter_copy.o(!!handler_copy)
    __scatterload_zeroinit                   0x08000145   Thumb Code    28  __scatter_zi.o(!!handler_zi)
    _printf_d                                0x08000161   Thumb Code     0  _printf_d.o(.ARM.Collect$$_printf_percent$$00000009)
    _printf_percent                          0x08000161   Thumb Code     0  _printf_percent.o(.ARM.Collect$$_printf_percent$$00000000)
    _printf_u                                0x08000167   Thumb Code     0  _printf_u.o(.ARM.Collect$$_printf_percent$$0000000A)
    _printf_c                                0x0800016d   Thumb Code     0  _printf_c.o(.ARM.Collect$$_printf_percent$$00000013)
    _printf_s                                0x08000173   Thumb Code     0  _printf_s.o(.ARM.Collect$$_printf_percent$$00000014)
    _printf_percent_end                      0x08000179   Thumb Code     0  _printf_percent_end.o(.ARM.Collect$$_printf_percent$$00000017)
    __rt_lib_init                            0x0800017d   Thumb Code     0  libinit.o(.ARM.Collect$$libinit$$00000000)
    __rt_lib_init_alloca_1                   0x0800017f   Thumb Code     0  libinit2.o(.ARM.Collect$$libinit$$00000030)
    __rt_lib_init_argv_1                     0x0800017f   Thumb Code     0  libinit2.o(.ARM.Collect$$libinit$$0000002E)
    __rt_lib_init_atexit_1                   0x0800017f   Thumb Code     0  libinit2.o(.ARM.Collect$$libinit$$0000001D)
    __rt_lib_init_clock_1                    0x0800017f   Thumb Code     0  libinit2.o(.ARM.Collect$$libinit$$00000023)
    __rt_lib_init_cpp_1                      0x0800017f   Thumb Code     0  libinit2.o(.ARM.Collect$$libinit$$00000034)
    __rt_lib_init_exceptions_1               0x0800017f   Thumb Code     0  libinit2.o(.ARM.Collect$$libinit$$00000032)
    __rt_lib_init_fp_1                       0x0800017f   Thumb Code     0  libinit2.o(.ARM.Collect$$libinit$$00000002)
    __rt_lib_init_fp_trap_1                  0x0800017f   Thumb Code     0  libinit2.o(.ARM.Collect$$libinit$$00000021)
    __rt_lib_init_getenv_1                   0x0800017f   Thumb Code     0  libinit2.o(.ARM.Collect$$libinit$$00000025)
    __rt_lib_init_heap_1                     0x0800017f   Thumb Code     0  libinit2.o(.ARM.Collect$$libinit$$0000000C)
    __rt_lib_init_lc_collate_1               0x0800017f   Thumb Code     0  libinit2.o(.ARM.Collect$$libinit$$00000013)
    __rt_lib_init_lc_ctype_1                 0x0800017f   Thumb Code     0  libinit2.o(.ARM.Collect$$libinit$$00000015)
    __rt_lib_init_lc_monetary_1              0x0800017f   Thumb Code     0  libinit2.o(.ARM.Collect$$libinit$$00000017)
    __rt_lib_init_lc_numeric_1               0x0800017f   Thumb Code     0  libinit2.o(.ARM.Collect$$libinit$$00000019)
    __rt_lib_init_lc_time_1                  0x0800017f   Thumb Code     0  libinit2.o(.ARM.Collect$$libinit$$0000001B)
    __rt_lib_init_preinit_1                  0x0800017f   Thumb Code     0  libinit2.o(.ARM.Collect$$libinit$$00000006)
    __rt_lib_init_rand_1                     0x0800017f   Thumb Code     0  libinit2.o(.ARM.Collect$$libinit$$00000010)
    __rt_lib_init_relocate_pie_1             0x0800017f   Thumb Code     0  libinit2.o(.ARM.Collect$$libinit$$00000004)
    __rt_lib_init_return                     0x0800017f   Thumb Code     0  libinit2.o(.ARM.Collect$$libinit$$00000035)
    __rt_lib_init_signal_1                   0x0800017f   Thumb Code     0  libinit2.o(.ARM.Collect$$libinit$$0000001F)
    __rt_lib_init_stdio_1                    0x0800017f   Thumb Code     0  libinit2.o(.ARM.Collect$$libinit$$00000027)
    __rt_lib_init_user_alloc_1               0x0800017f   Thumb Code     0  libinit2.o(.ARM.Collect$$libinit$$0000000E)
    __rt_lib_shutdown                        0x08000181   Thumb Code     0  libshutdown.o(.ARM.Collect$$libshutdown$$00000000)
    __rt_lib_shutdown_cpp_1                  0x08000183   Thumb Code     0  libshutdown2.o(.ARM.Collect$$libshutdown$$00000002)
    __rt_lib_shutdown_fp_trap_1              0x08000183   Thumb Code     0  libshutdown2.o(.ARM.Collect$$libshutdown$$00000007)
    __rt_lib_shutdown_heap_1                 0x08000183   Thumb Code     0  libshutdown2.o(.ARM.Collect$$libshutdown$$0000000F)
    __rt_lib_shutdown_return                 0x08000183   Thumb Code     0  libshutdown2.o(.ARM.Collect$$libshutdown$$00000010)
    __rt_lib_shutdown_signal_1               0x08000183   Thumb Code     0  libshutdown2.o(.ARM.Collect$$libshutdown$$0000000A)
    __rt_lib_shutdown_stdio_1                0x08000183   Thumb Code     0  libshutdown2.o(.ARM.Collect$$libshutdown$$00000004)
    __rt_lib_shutdown_user_alloc_1           0x08000183   Thumb Code     0  libshutdown2.o(.ARM.Collect$$libshutdown$$0000000C)
    __rt_entry                               0x08000185   Thumb Code     0  __rtentry.o(.ARM.Collect$$rtentry$$00000000)
    __rt_entry_presh_1                       0x08000185   Thumb Code     0  __rtentry2.o(.ARM.Collect$$rtentry$$00000002)
    __rt_entry_sh                            0x08000185   Thumb Code     0  __rtentry4.o(.ARM.Collect$$rtentry$$00000004)
    __rt_entry_li                            0x0800018b   Thumb Code     0  __rtentry2.o(.ARM.Collect$$rtentry$$0000000A)
    __rt_entry_postsh_1                      0x0800018b   Thumb Code     0  __rtentry2.o(.ARM.Collect$$rtentry$$00000009)
    __rt_entry_main                          0x0800018f   Thumb Code     0  __rtentry2.o(.ARM.Collect$$rtentry$$0000000D)
    __rt_entry_postli_1                      0x0800018f   Thumb Code     0  __rtentry2.o(.ARM.Collect$$rtentry$$0000000C)
    __rt_exit                                0x08000197   Thumb Code     0  rtexit.o(.ARM.Collect$$rtexit$$00000000)
    __rt_exit_ls                             0x08000199   Thumb Code     0  rtexit2.o(.ARM.Collect$$rtexit$$00000003)
    __rt_exit_prels_1                        0x08000199   Thumb Code     0  rtexit2.o(.ARM.Collect$$rtexit$$00000002)
    __rt_exit_exit                           0x0800019d   Thumb Code     0  rtexit2.o(.ARM.Collect$$rtexit$$00000004)
    Reset_Handler                            0x080001a5   Thumb Code     8  startup_stm32f10x_md.o(.text)
    ADC1_2_IRQHandler                        0x080001bf   Thumb Code     0  startup_stm32f10x_md.o(.text)
    CAN1_RX1_IRQHandler                      0x080001bf   Thumb Code     0  startup_stm32f10x_md.o(.text)
    CAN1_SCE_IRQHandler                      0x080001bf   Thumb Code     0  startup_stm32f10x_md.o(.text)
    DMA1_Channel1_IRQHandler                 0x080001bf   Thumb Code     0  startup_stm32f10x_md.o(.text)
    DMA1_Channel2_IRQHandler                 0x080001bf   Thumb Code     0  startup_stm32f10x_md.o(.text)
    DMA1_Channel3_IRQHandler                 0x080001bf   Thumb Code     0  startup_stm32f10x_md.o(.text)
    DMA1_Channel4_IRQHandler                 0x080001bf   Thumb Code     0  startup_stm32f10x_md.o(.text)
    DMA1_Channel5_IRQHandler                 0x080001bf   Thumb Code     0  startup_stm32f10x_md.o(.text)
    DMA1_Channel6_IRQHandler                 0x080001bf   Thumb Code     0  startup_stm32f10x_md.o(.text)
    DMA1_Channel7_IRQHandler                 0x080001bf   Thumb Code     0  startup_stm32f10x_md.o(.text)
    EXTI0_IRQHandler                         0x080001bf   Thumb Code     0  startup_stm32f10x_md.o(.text)
    EXTI15_10_IRQHandler                     0x080001bf   Thumb Code     0  startup_stm32f10x_md.o(.text)
    EXTI1_IRQHandler                         0x080001bf   Thumb Code     0  startup_stm32f10x_md.o(.text)
    EXTI2_IRQHandler                         0x080001bf   Thumb Code     0  startup_stm32f10x_md.o(.text)
    EXTI3_IRQHandler                         0x080001bf   Thumb Code     0  startup_stm32f10x_md.o(.text)
    EXTI4_IRQHandler                         0x080001bf   Thumb Code     0  startup_stm32f10x_md.o(.text)
    EXTI9_5_IRQHandler                       0x080001bf   Thumb Code     0  startup_stm32f10x_md.o(.text)
    FLASH_IRQHandler                         0x080001bf   Thumb Code     0  startup_stm32f10x_md.o(.text)
    I2C1_ER_IRQHandler                       0x080001bf   Thumb Code     0  startup_stm32f10x_md.o(.text)
    I2C1_EV_IRQHandler                       0x080001bf   Thumb Code     0  startup_stm32f10x_md.o(.text)
    I2C2_ER_IRQHandler                       0x080001bf   Thumb Code     0  startup_stm32f10x_md.o(.text)
    I2C2_EV_IRQHandler                       0x080001bf   Thumb Code     0  startup_stm32f10x_md.o(.text)
    PVD_IRQHandler                           0x080001bf   Thumb Code     0  startup_stm32f10x_md.o(.text)
    RCC_IRQHandler                           0x080001bf   Thumb Code     0  startup_stm32f10x_md.o(.text)
    RTCAlarm_IRQHandler                      0x080001bf   Thumb Code     0  startup_stm32f10x_md.o(.text)
    RTC_IRQHandler                           0x080001bf   Thumb Code     0  startup_stm32f10x_md.o(.text)
    SPI1_IRQHandler                          0x080001bf   Thumb Code     0  startup_stm32f10x_md.o(.text)
    SPI2_IRQHandler                          0x080001bf   Thumb Code     0  startup_stm32f10x_md.o(.text)
    TAMPER_IRQHandler                        0x080001bf   Thumb Code     0  startup_stm32f10x_md.o(.text)
    TIM1_BRK_IRQHandler                      0x080001bf   Thumb Code     0  startup_stm32f10x_md.o(.text)
    TIM1_CC_IRQHandler                       0x080001bf   Thumb Code     0  startup_stm32f10x_md.o(.text)
    TIM1_TRG_COM_IRQHandler                  0x080001bf   Thumb Code     0  startup_stm32f10x_md.o(.text)
    TIM1_UP_IRQHandler                       0x080001bf   Thumb Code     0  startup_stm32f10x_md.o(.text)
    TIM2_IRQHandler                          0x080001bf   Thumb Code     0  startup_stm32f10x_md.o(.text)
    TIM3_IRQHandler                          0x080001bf   Thumb Code     0  startup_stm32f10x_md.o(.text)
    TIM4_IRQHandler                          0x080001bf   Thumb Code     0  startup_stm32f10x_md.o(.text)
    USART2_IRQHandler                        0x080001bf   Thumb Code     0  startup_stm32f10x_md.o(.text)
    USBWakeUp_IRQHandler                     0x080001bf   Thumb Code     0  startup_stm32f10x_md.o(.text)
    USB_HP_CAN1_TX_IRQHandler                0x080001bf   Thumb Code     0  startup_stm32f10x_md.o(.text)
    USB_LP_CAN1_RX0_IRQHandler               0x080001bf   Thumb Code     0  startup_stm32f10x_md.o(.text)
    WWDG_IRQHandler                          0x080001bf   Thumb Code     0  startup_stm32f10x_md.o(.text)
    __user_initial_stackheap                 0x080001c1   Thumb Code     0  startup_stm32f10x_md.o(.text)
    __use_no_semihosting                     0x080001e5   Thumb Code     2  use_no_semi_2.o(.text)
    __2printf                                0x080001e9   Thumb Code    20  noretval__2printf.o(.text)
    __printf                                 0x08000201   Thumb Code   104  __printf.o(.text)
    _printf_str                              0x08000269   Thumb Code    82  _printf_str.o(.text)
    _printf_int_dec                          0x080002bd   Thumb Code   104  _printf_dec.o(.text)
    puts                                     0x08000335   Thumb Code    40  puts.o(.text)
    __aeabi_memcpy                           0x08000361   Thumb Code     0  rt_memcpy_v6.o(.text)
    __rt_memcpy                              0x08000361   Thumb Code   138  rt_memcpy_v6.o(.text)
    _memcpy_lastbytes                        0x080003c7   Thumb Code     0  rt_memcpy_v6.o(.text)
    __aeabi_memset4                          0x080003eb   Thumb Code    16  aeabi_memset4.o(.text)
    __aeabi_memset8                          0x080003eb   Thumb Code     0  aeabi_memset4.o(.text)
    __aeabi_memclr4                          0x080003fb   Thumb Code     0  rt_memclr_w.o(.text)
    __aeabi_memclr8                          0x080003fb   Thumb Code     0  rt_memclr_w.o(.text)
    __rt_memclr_w                            0x080003fb   Thumb Code     0  rt_memclr_w.o(.text)
    _memset_w                                0x080003ff   Thumb Code    74  rt_memclr_w.o(.text)
    __use_two_region_memory                  0x08000449   Thumb Code     2  heapauxi.o(.text)
    __rt_heap_escrow$2region                 0x0800044b   Thumb Code     2  heapauxi.o(.text)
    __rt_heap_expand$2region                 0x0800044d   Thumb Code     2  heapauxi.o(.text)
    __I$use$semihosting                      0x0800044f   Thumb Code     0  use_no_semi.o(.text)
    __use_no_semihosting_swi                 0x0800044f   Thumb Code     2  use_no_semi.o(.text)
    _printf_int_common                       0x08000451   Thumb Code   178  _printf_intcommon.o(.text)
    _printf_char_common                      0x0800050f   Thumb Code    32  _printf_char_common.o(.text)
    _printf_cs_common                        0x08000535   Thumb Code    20  _printf_char.o(.text)
    _printf_char                             0x08000549   Thumb Code    16  _printf_char.o(.text)
    _printf_string                           0x08000559   Thumb Code     8  _printf_char.o(.text)
    _printf_char_file                        0x08000561   Thumb Code    32  _printf_char_file.o(.text)
    __aeabi_memcpy4                          0x08000585   Thumb Code     0  rt_memcpy_w.o(.text)
    __aeabi_memcpy8                          0x08000585   Thumb Code     0  rt_memcpy_w.o(.text)
    __rt_memcpy_w                            0x08000585   Thumb Code   100  rt_memcpy_w.o(.text)
    _memcpy_lastbytes_aligned                0x080005cd   Thumb Code     0  rt_memcpy_w.o(.text)
    ferror                                   0x080005e9   Thumb Code     8  ferror.o(.text)
    __user_setup_stackheap                   0x080005f1   Thumb Code    74  sys_stackheap_outer.o(.text)
    exit                                     0x0800063b   Thumb Code    18  exit.o(.text)
    __user_libspace                          0x0800064d   Thumb Code     8  libspace.o(.text)
    __user_perproc_libspace                  0x0800064d   Thumb Code     0  libspace.o(.text)
    __user_perthread_libspace                0x0800064d   Thumb Code     0  libspace.o(.text)
    BLE_Init                                 0x08000655   Thumb Code     8  ble.o(.text.BLE_Init)
    BLE_Send_String                          0x0800065d   Thumb Code     4  ble.o(.text.BLE_Send_String)
    BusFault_Handler                         0x08000661   Thumb Code     2  stm32f10x_it.o(.text.BusFault_Handler)
    Car_BLE_Get_DataPacket_Rx                0x08000665   Thumb Code    78  car.o(.text.Car_BLE_Get_DataPacket_Rx)
    Car_Init                                 0x080006b5   Thumb Code   256  car.o(.text.Car_Init)
    Car_Task                                 0x08000801   Thumb Code   176  main.o(.text.Car_Task)
    DebugMon_Handler                         0x08000941   Thumb Code     2  stm32f10x_it.o(.text.DebugMon_Handler)
    GPIO_Init                                0x08000945   Thumb Code   192  stm32f10x_gpio.o(.text.GPIO_Init)
    GPIO_ResetBits                           0x08000a05   Thumb Code     4  stm32f10x_gpio.o(.text.GPIO_ResetBits)
    GPIO_SetBits                             0x08000a09   Thumb Code     4  stm32f10x_gpio.o(.text.GPIO_SetBits)
    HardFault_Handler                        0x08000a0d   Thumb Code     2  stm32f10x_it.o(.text.HardFault_Handler)
    LED_Init                                 0x08000a11   Thumb Code    52  led.o(.text.LED_Init)
    Led_Flash_Task                           0x08000a45   Thumb Code    44  main.o(.text.Led_Flash_Task)
    MemManage_Handler                        0x08000a71   Thumb Code     2  stm32f10x_it.o(.text.MemManage_Handler)
    Motor_GPIO_Config                        0x08000a75   Thumb Code    46  motor.o(.text.Motor_GPIO_Config)
    NMI_Handler                              0x08000aa5   Thumb Code     2  stm32f10x_it.o(.text.NMI_Handler)
    NVIC_Init                                0x08000aa9   Thumb Code    94  misc.o(.text.NVIC_Init)
    NVIC_PriorityGroupConfig                 0x08000b09   Thumb Code    20  misc.o(.text.NVIC_PriorityGroupConfig)
    PendSV_Handler                           0x08000b21   Thumb Code    68  port.o(.text.PendSV_Handler)
    RCC_APB1PeriphClockCmd                   0x08000b65   Thumb Code    24  stm32f10x_rcc.o(.text.RCC_APB1PeriphClockCmd)
    RCC_APB2PeriphClockCmd                   0x08000b7d   Thumb Code    24  stm32f10x_rcc.o(.text.RCC_APB2PeriphClockCmd)
    RCC_GetClocksFreq                        0x08000b95   Thumb Code   160  stm32f10x_rcc.o(.text.RCC_GetClocksFreq)
    SVC_Handler                              0x08000c41   Thumb Code    36  port.o(.text.SVC_Handler)
    Set_Motorx_Rotate_Dir                    0x08000c65   Thumb Code    26  motor.o(.text.Set_Motorx_Rotate_Dir)
    Set_TIM1CH4_Duty                         0x08000c81   Thumb Code    84  timer.o(.text.Set_TIM1CH4_Duty)
    Set_TIM2CH4_Duty                         0x08000cd5   Thumb Code    84  timer.o(.text.Set_TIM2CH4_Duty)
    Set_TIM3CH4_Duty                         0x08000d29   Thumb Code    84  timer.o(.text.Set_TIM3CH4_Duty)
    Set_TIM4CH4_Duty                         0x08000d7d   Thumb Code    84  timer.o(.text.Set_TIM4CH4_Duty)
    Start_Task                               0x08000dd1   Thumb Code    92  main.o(.text.Start_Task)
    SysTick_CLKSourceConfig                  0x08000e49   Thumb Code    24  misc.o(.text.SysTick_CLKSourceConfig)
    SysTick_Handler                          0x08000e61   Thumb Code    20  delay.o(.text.SysTick_Handler)
    SystemInit                               0x08000e75   Thumb Code   272  system_stm32f10x.o(.text.SystemInit)
    TIM_ARRPreloadConfig                     0x08000f85   Thumb Code    20  stm32f10x_tim.o(.text.TIM_ARRPreloadConfig)
    TIM_Cmd                                  0x08000f99   Thumb Code    18  stm32f10x_tim.o(.text.TIM_Cmd)
    TIM_CtrlPWMOutputs                       0x08000fad   Thumb Code    24  stm32f10x_tim.o(.text.TIM_CtrlPWMOutputs)
    TIM_OC2PreloadConfig                     0x08000fc5   Thumb Code    14  stm32f10x_tim.o(.text.TIM_OC2PreloadConfig)
    TIM_OC4Init                              0x08000fd5   Thumb Code    92  stm32f10x_tim.o(.text.TIM_OC4Init)
    TIM_SetCompare4                          0x08001031   Thumb Code     6  stm32f10x_tim.o(.text.TIM_SetCompare4)
    TIM_TimeBaseInit                         0x08001039   Thumb Code   170  stm32f10x_tim.o(.text.TIM_TimeBaseInit)
    Timer1_Pwm_Init                          0x080010e5   Thumb Code   132  timer.o(.text.Timer1_Pwm_Init)
    Timer2_Pwm_Init                          0x08001169   Thumb Code   136  timer.o(.text.Timer2_Pwm_Init)
    Timer3_Pwm_Init                          0x080011f1   Thumb Code   130  timer.o(.text.Timer3_Pwm_Init)
    Timer4_Pwm_Init                          0x08001275   Thumb Code   132  timer.o(.text.Timer4_Pwm_Init)
    USART1_IRQHandler                        0x080012f9   Thumb Code   110  usart.o(.text.USART1_IRQHandler)
    USART1_Init                              0x08001369   Thumb Code   196  usart.o(.text.USART1_Init)
    USART3_IRQHandler                        0x0800145d   Thumb Code   248  usart.o(.text.USART3_IRQHandler)
    USART3_Init                              0x08001585   Thumb Code   204  usart.o(.text.USART3_Init)
    USART3_Send_String                       0x08001681   Thumb Code    68  usart.o(.text.USART3_Send_String)
    USART_Cmd                                0x080016c5   Thumb Code    20  stm32f10x_usart.o(.text.USART_Cmd)
    USART_GetFlagStatus                      0x080016d9   Thumb Code    10  stm32f10x_usart.o(.text.USART_GetFlagStatus)
    USART_GetITStatus                        0x080016e5   Thumb Code    48  stm32f10x_usart.o(.text.USART_GetITStatus)
    USART_ITConfig                           0x08001715   Thumb Code    46  stm32f10x_usart.o(.text.USART_ITConfig)
    USART_Init                               0x08001745   Thumb Code   182  stm32f10x_usart.o(.text.USART_Init)
    USART_ReceiveData                        0x080017fd   Thumb Code     8  stm32f10x_usart.o(.text.USART_ReceiveData)
    USART_SendData                           0x08001805   Thumb Code     8  stm32f10x_usart.o(.text.USART_SendData)
    UsageFault_Handler                       0x0800182d   Thumb Code     2  stm32f10x_it.o(.text.UsageFault_Handler)
    _sys_exit                                0x08001831   Thumb Code     2  usart.o(.text._sys_exit)
    delay_init                               0x08001835   Thumb Code    88  delay.o(.text.delay_init)
    fputc                                    0x0800188d   Thumb Code    20  usart.o(.text.fputc)
    main                                     0x080018a1   Thumb Code    68  main.o(.text.main)
    pvPortMalloc                             0x08002015   Thumb Code   458  heap_4.o(.text.pvPortMalloc)
    pvTaskIncrementMutexHeldCount            0x080021e1   Thumb Code    24  tasks.o(.text.pvTaskIncrementMutexHeldCount)
    pxPortInitialiseStack                    0x080021f9   Thumb Code    32  port.o(.text.pxPortInitialiseStack)
    uxListRemove                             0x08002219   Thumb Code    34  list.o(.text.uxListRemove)
    vListInitialise                          0x0800223d   Thumb Code    30  list.o(.text.vListInitialise)
    vListInitialiseItem                      0x0800225d   Thumb Code    14  list.o(.text.vListInitialiseItem)
    vListInsert                              0x0800226d   Thumb Code   126  list.o(.text.vListInsert)
    vListInsertEnd                           0x080022ed   Thumb Code   106  list.o(.text.vListInsertEnd)
    vPortEnterCritical                       0x08002359   Thumb Code    76  port.o(.text.vPortEnterCritical)
    vPortExitCritical                        0x080023a5   Thumb Code    56  port.o(.text.vPortExitCritical)
    vPortFree                                0x080023dd   Thumb Code   234  heap_4.o(.text.vPortFree)
    vPortSetupTimerInterrupt                 0x080024c9   Thumb Code    52  port.o(.text.vPortSetupTimerInterrupt)
    vQueueAddToRegistry                      0x080024fd   Thumb Code    40  queue.o(.text.vQueueAddToRegistry)
    vQueueWaitForMessageRestricted           0x08002525   Thumb Code    70  queue.o(.text.vQueueWaitForMessageRestricted)
    vTaskDelay                               0x0800256d   Thumb Code   200  tasks.o(.text.vTaskDelay)
    vTaskDelete                              0x08002635   Thumb Code   290  tasks.o(.text.vTaskDelete)
    vTaskMissedYield                         0x08002759   Thumb Code    14  tasks.o(.text.vTaskMissedYield)
    vTaskPlaceOnEventList                    0x08002769   Thumb Code    64  tasks.o(.text.vTaskPlaceOnEventList)
    vTaskPlaceOnEventListRestricted          0x080027a9   Thumb Code    74  tasks.o(.text.vTaskPlaceOnEventListRestricted)
    vTaskPriorityInherit                     0x080027f5   Thumb Code   144  tasks.o(.text.vTaskPriorityInherit)
    vTaskResume                              0x08002885   Thumb Code   168  tasks.o(.text.vTaskResume)
    vTaskSetTimeOutState                     0x0800292d   Thumb Code    56  tasks.o(.text.vTaskSetTimeOutState)
    vTaskStartScheduler                      0x08002965   Thumb Code   152  tasks.o(.text.vTaskStartScheduler)
    vTaskSuspend                             0x08002a05   Thumb Code   388  tasks.o(.text.vTaskSuspend)
    vTaskSuspendAll                          0x08002b89   Thumb Code    16  tasks.o(.text.vTaskSuspendAll)
    vTaskSwitchContext                       0x08002b99   Thumb Code   134  tasks.o(.text.vTaskSwitchContext)
    xPortStartScheduler                      0x08002c21   Thumb Code   272  port.o(.text.xPortStartScheduler)
    xPortSysTickHandler                      0x08002d31   Thumb Code    46  port.o(.text.xPortSysTickHandler)
    xQueueGenericCreate                      0x08002d61   Thumb Code   142  queue.o(.text.xQueueGenericCreate)
    xQueueGenericReceive                     0x08002df1   Thumb Code   512  queue.o(.text.xQueueGenericReceive)
    xQueueGenericSend                        0x08002ff1   Thumb Code   584  queue.o(.text.xQueueGenericSend)
    xTaskCheckForTimeOut                     0x08003239   Thumb Code   156  tasks.o(.text.xTaskCheckForTimeOut)
    xTaskCreate                              0x080032d5   Thumb Code   478  tasks.o(.text.xTaskCreate)
    xTaskGetSchedulerState                   0x080034b5   Thumb Code    38  tasks.o(.text.xTaskGetSchedulerState)
    xTaskGetTickCount                        0x080034dd   Thumb Code    12  tasks.o(.text.xTaskGetTickCount)
    xTaskIncrementTick                       0x080034e9   Thumb Code   372  tasks.o(.text.xTaskIncrementTick)
    xTaskPriorityDisinherit                  0x0800365d   Thumb Code   184  tasks.o(.text.xTaskPriorityDisinherit)
    xTaskRemoveFromEventList                 0x08003715   Thumb Code   146  tasks.o(.text.xTaskRemoveFromEventList)
    xTaskResumeAll                           0x080037a9   Thumb Code   316  tasks.o(.text.xTaskResumeAll)
    xTimerCreateTimerTask                    0x080038e5   Thumb Code    96  timers.o(.text.xTimerCreateTimerTask)
    __aeabi_ddiv                             0x0800394d   Thumb Code     0  ddiv.o(x$fpl$ddiv)
    _ddiv                                    0x0800394d   Thumb Code   556  ddiv.o(x$fpl$ddiv)
    __aeabi_d2iz                             0x08003c01   Thumb Code     0  dfix.o(x$fpl$dfix)
    _dfix                                    0x08003c01   Thumb Code    94  dfix.o(x$fpl$dfix)
    __aeabi_i2d                              0x08003c5f   Thumb Code     0  dflt_clz.o(x$fpl$dflt)
    _dflt                                    0x08003c5f   Thumb Code    46  dflt_clz.o(x$fpl$dflt)
    __aeabi_ui2d                             0x08003c8d   Thumb Code     0  dflt_clz.o(x$fpl$dfltu)
    _dfltu                                   0x08003c8d   Thumb Code    38  dflt_clz.o(x$fpl$dfltu)
    __aeabi_dmul                             0x08003cb5   Thumb Code     0  dmul.o(x$fpl$dmul)
    _dmul                                    0x08003cb5   Thumb Code   332  dmul.o(x$fpl$dmul)
    __fpl_dnaninf                            0x08003e09   Thumb Code   156  dnaninf.o(x$fpl$dnaninf)
    __fpl_dretinf                            0x08003ea5   Thumb Code    12  dretinf.o(x$fpl$dretinf)
    __I$use$fp                               0x08003eb0   Number         0  usenofp.o(x$fpl$usenofp)
    Region$$Table$$Base                      0x08003fe4   Number         0  anon$$obj.o(Region$$Table)
    Region$$Table$$Limit                     0x08004004   Number         0  anon$$obj.o(Region$$Table)
    SystemCoreClock                          0x20000000   Data           4  system_stm32f10x.o(.data.SystemCoreClock)
    wheels                                   0x20000008   Data          96  car.o(.data.wheels)
    __libspace_start                         0x20000068   Data          96  libspace.o(.bss)
    CarTask_Handler                          0x200000c8   Data           4  main.o(.bss.CarTask_Handler)
    __temporary_stack_top$libspace           0x200000c8   Data           0  libspace.o(.bss)
    LEDFlashTask_Handler                     0x200000cc   Data           4  main.o(.bss.LEDFlashTask_Handler)
    StartTask_Handler                        0x200000d0   Data           4  main.o(.bss.StartTask_Handler)
    USART1_RX_BUF                            0x200000d4   Data         200  usart.o(.bss.USART1_RX_BUF)
    USART1_RX_STA                            0x2000019c   Data           2  usart.o(.bss.USART1_RX_STA)
    USART3_RX_BUF                            0x200001a0   Data         200  usart.o(.bss.USART3_RX_BUF)
    USART3_RX_STA                            0x20000268   Data           2  usart.o(.bss.USART3_RX_STA)
    __stdout                                 0x2000026c   Data           4  usart.o(.bss.__stdout)
    pxCurrentTCB                             0x20000278   Data           4  tasks.o(.bss.pxCurrentTCB)
    xQueueRegistry                           0x20002f68   Data          64  queue.o(.bss.xQueueRegistry)



==============================================================================

Memory Map of the image

  Image Entry point : 0x080000ed

  Load Region LR_IROM1 (Base: 0x08000000, Size: 0x00004070, Max: 0x00010000, ABSOLUTE)

    Execution Region ER_IROM1 (Exec base: 0x08000000, Load base: 0x08000000, Size: 0x00004004, Max: 0x00010000, ABSOLUTE)

    Exec Addr    Load Addr    Size         Type   Attr      Idx    E Section Name        Object

    0x08000000   0x08000000   0x000000ec   Data   RO            3    RESET               startup_stm32f10x_md.o
    0x080000ec   0x080000ec   0x00000008   Code   RO         1055  * !!!main             c_w.l(__main.o)
    0x080000f4   0x080000f4   0x00000034   Code   RO         1258    !!!scatter          c_w.l(__scatter.o)
    0x08000128   0x08000128   0x0000001a   Code   RO         1260    !!handler_copy      c_w.l(__scatter_copy.o)
    0x08000142   0x08000142   0x00000002   PAD
    0x08000144   0x08000144   0x0000001c   Code   RO         1262    !!handler_zi        c_w.l(__scatter_zi.o)
    0x08000160   0x08000160   0x00000000   Code   RO         1038    .ARM.Collect$$_printf_percent$$00000000  c_w.l(_printf_percent.o)
    0x08000160   0x08000160   0x00000006   Code   RO         1036    .ARM.Collect$$_printf_percent$$00000009  c_w.l(_printf_d.o)
    0x08000166   0x08000166   0x00000006   Code   RO         1037    .ARM.Collect$$_printf_percent$$0000000A  c_w.l(_printf_u.o)
    0x0800016c   0x0800016c   0x00000006   Code   RO         1034    .ARM.Collect$$_printf_percent$$00000013  c_w.l(_printf_c.o)
    0x08000172   0x08000172   0x00000006   Code   RO         1035    .ARM.Collect$$_printf_percent$$00000014  c_w.l(_printf_s.o)
    0x08000178   0x08000178   0x00000004   Code   RO         1086    .ARM.Collect$$_printf_percent$$00000017  c_w.l(_printf_percent_end.o)
    0x0800017c   0x0800017c   0x00000002   Code   RO         1126    .ARM.Collect$$libinit$$00000000  c_w.l(libinit.o)
    0x0800017e   0x0800017e   0x00000000   Code   RO         1133    .ARM.Collect$$libinit$$00000002  c_w.l(libinit2.o)
    0x0800017e   0x0800017e   0x00000000   Code   RO         1135    .ARM.Collect$$libinit$$00000004  c_w.l(libinit2.o)
    0x0800017e   0x0800017e   0x00000000   Code   RO         1137    .ARM.Collect$$libinit$$00000006  c_w.l(libinit2.o)
    0x0800017e   0x0800017e   0x00000000   Code   RO         1140    .ARM.Collect$$libinit$$0000000C  c_w.l(libinit2.o)
    0x0800017e   0x0800017e   0x00000000   Code   RO         1142    .ARM.Collect$$libinit$$0000000E  c_w.l(libinit2.o)
    0x0800017e   0x0800017e   0x00000000   Code   RO         1144    .ARM.Collect$$libinit$$00000010  c_w.l(libinit2.o)
    0x0800017e   0x0800017e   0x00000000   Code   RO         1147    .ARM.Collect$$libinit$$00000013  c_w.l(libinit2.o)
    0x0800017e   0x0800017e   0x00000000   Code   RO         1149    .ARM.Collect$$libinit$$00000015  c_w.l(libinit2.o)
    0x0800017e   0x0800017e   0x00000000   Code   RO         1151    .ARM.Collect$$libinit$$00000017  c_w.l(libinit2.o)
    0x0800017e   0x0800017e   0x00000000   Code   RO         1153    .ARM.Collect$$libinit$$00000019  c_w.l(libinit2.o)
    0x0800017e   0x0800017e   0x00000000   Code   RO         1155    .ARM.Collect$$libinit$$0000001B  c_w.l(libinit2.o)
    0x0800017e   0x0800017e   0x00000000   Code   RO         1157    .ARM.Collect$$libinit$$0000001D  c_w.l(libinit2.o)
    0x0800017e   0x0800017e   0x00000000   Code   RO         1159    .ARM.Collect$$libinit$$0000001F  c_w.l(libinit2.o)
    0x0800017e   0x0800017e   0x00000000   Code   RO         1161    .ARM.Collect$$libinit$$00000021  c_w.l(libinit2.o)
    0x0800017e   0x0800017e   0x00000000   Code   RO         1163    .ARM.Collect$$libinit$$00000023  c_w.l(libinit2.o)
    0x0800017e   0x0800017e   0x00000000   Code   RO         1165    .ARM.Collect$$libinit$$00000025  c_w.l(libinit2.o)
    0x0800017e   0x0800017e   0x00000000   Code   RO         1167    .ARM.Collect$$libinit$$00000027  c_w.l(libinit2.o)
    0x0800017e   0x0800017e   0x00000000   Code   RO         1171    .ARM.Collect$$libinit$$0000002E  c_w.l(libinit2.o)
    0x0800017e   0x0800017e   0x00000000   Code   RO         1173    .ARM.Collect$$libinit$$00000030  c_w.l(libinit2.o)
    0x0800017e   0x0800017e   0x00000000   Code   RO         1175    .ARM.Collect$$libinit$$00000032  c_w.l(libinit2.o)
    0x0800017e   0x0800017e   0x00000000   Code   RO         1177    .ARM.Collect$$libinit$$00000034  c_w.l(libinit2.o)
    0x0800017e   0x0800017e   0x00000002   Code   RO         1178    .ARM.Collect$$libinit$$00000035  c_w.l(libinit2.o)
    0x08000180   0x08000180   0x00000002   Code   RO         1196    .ARM.Collect$$libshutdown$$00000000  c_w.l(libshutdown.o)
    0x08000182   0x08000182   0x00000000   Code   RO         1208    .ARM.Collect$$libshutdown$$00000002  c_w.l(libshutdown2.o)
    0x08000182   0x08000182   0x00000000   Code   RO         1210    .ARM.Collect$$libshutdown$$00000004  c_w.l(libshutdown2.o)
    0x08000182   0x08000182   0x00000000   Code   RO         1213    .ARM.Collect$$libshutdown$$00000007  c_w.l(libshutdown2.o)
    0x08000182   0x08000182   0x00000000   Code   RO         1216    .ARM.Collect$$libshutdown$$0000000A  c_w.l(libshutdown2.o)
    0x08000182   0x08000182   0x00000000   Code   RO         1218    .ARM.Collect$$libshutdown$$0000000C  c_w.l(libshutdown2.o)
    0x08000182   0x08000182   0x00000000   Code   RO         1221    .ARM.Collect$$libshutdown$$0000000F  c_w.l(libshutdown2.o)
    0x08000182   0x08000182   0x00000002   Code   RO         1222    .ARM.Collect$$libshutdown$$00000010  c_w.l(libshutdown2.o)
    0x08000184   0x08000184   0x00000000   Code   RO         1075    .ARM.Collect$$rtentry$$00000000  c_w.l(__rtentry.o)
    0x08000184   0x08000184   0x00000000   Code   RO         1097    .ARM.Collect$$rtentry$$00000002  c_w.l(__rtentry2.o)
    0x08000184   0x08000184   0x00000006   Code   RO         1109    .ARM.Collect$$rtentry$$00000004  c_w.l(__rtentry4.o)
    0x0800018a   0x0800018a   0x00000000   Code   RO         1099    .ARM.Collect$$rtentry$$00000009  c_w.l(__rtentry2.o)
    0x0800018a   0x0800018a   0x00000004   Code   RO         1100    .ARM.Collect$$rtentry$$0000000A  c_w.l(__rtentry2.o)
    0x0800018e   0x0800018e   0x00000000   Code   RO         1102    .ARM.Collect$$rtentry$$0000000C  c_w.l(__rtentry2.o)
    0x0800018e   0x0800018e   0x00000008   Code   RO         1103    .ARM.Collect$$rtentry$$0000000D  c_w.l(__rtentry2.o)
    0x08000196   0x08000196   0x00000002   Code   RO         1130    .ARM.Collect$$rtexit$$00000000  c_w.l(rtexit.o)
    0x08000198   0x08000198   0x00000000   Code   RO         1180    .ARM.Collect$$rtexit$$00000002  c_w.l(rtexit2.o)
    0x08000198   0x08000198   0x00000004   Code   RO         1181    .ARM.Collect$$rtexit$$00000003  c_w.l(rtexit2.o)
    0x0800019c   0x0800019c   0x00000006   Code   RO         1182    .ARM.Collect$$rtexit$$00000004  c_w.l(rtexit2.o)
    0x080001a2   0x080001a2   0x00000002   PAD
    0x080001a4   0x080001a4   0x00000040   Code   RO            4    .text               startup_stm32f10x_md.o
    0x080001e4   0x080001e4   0x00000002   Code   RO          998    .text               c_w.l(use_no_semi_2.o)
    0x080001e6   0x080001e6   0x00000002   PAD
    0x080001e8   0x080001e8   0x00000018   Code   RO         1004    .text               c_w.l(noretval__2printf.o)
    0x08000200   0x08000200   0x00000068   Code   RO         1008    .text               c_w.l(__printf.o)
    0x08000268   0x08000268   0x00000052   Code   RO         1010    .text               c_w.l(_printf_str.o)
    0x080002ba   0x080002ba   0x00000002   PAD
    0x080002bc   0x080002bc   0x00000078   Code   RO         1012    .text               c_w.l(_printf_dec.o)
    0x08000334   0x08000334   0x0000002c   Code   RO         1039    .text               c_w.l(puts.o)
    0x08000360   0x08000360   0x0000008a   Code   RO         1045    .text               c_w.l(rt_memcpy_v6.o)
    0x080003ea   0x080003ea   0x00000010   Code   RO         1049    .text               c_w.l(aeabi_memset4.o)
    0x080003fa   0x080003fa   0x0000004e   Code   RO         1051    .text               c_w.l(rt_memclr_w.o)
    0x08000448   0x08000448   0x00000006   Code   RO         1053    .text               c_w.l(heapauxi.o)
    0x0800044e   0x0800044e   0x00000002   Code   RO         1073    .text               c_w.l(use_no_semi.o)
    0x08000450   0x08000450   0x000000b2   Code   RO         1076    .text               c_w.l(_printf_intcommon.o)
    0x08000502   0x08000502   0x00000002   PAD
    0x08000504   0x08000504   0x00000030   Code   RO         1078    .text               c_w.l(_printf_char_common.o)
    0x08000534   0x08000534   0x0000002c   Code   RO         1082    .text               c_w.l(_printf_char.o)
    0x08000560   0x08000560   0x00000024   Code   RO         1084    .text               c_w.l(_printf_char_file.o)
    0x08000584   0x08000584   0x00000064   Code   RO         1087    .text               c_w.l(rt_memcpy_w.o)
    0x080005e8   0x080005e8   0x00000008   Code   RO         1113    .text               c_w.l(ferror.o)
    0x080005f0   0x080005f0   0x0000004a   Code   RO         1117    .text               c_w.l(sys_stackheap_outer.o)
    0x0800063a   0x0800063a   0x00000012   Code   RO         1119    .text               c_w.l(exit.o)
    0x0800064c   0x0800064c   0x00000008   Code   RO         1127    .text               c_w.l(libspace.o)
    0x08000654   0x08000654   0x00000008   Code   RO          976    .text.BLE_Init      ble.o
    0x0800065c   0x0800065c   0x00000004   Code   RO          982    .text.BLE_Send_String  ble.o
    0x08000660   0x08000660   0x00000002   Code   RO          784    .text.BusFault_Handler  stm32f10x_it.o
    0x08000662   0x08000662   0x00000002   PAD
    0x08000664   0x08000664   0x0000004e   Code   RO          958    .text.Car_BLE_Get_DataPacket_Rx  car.o
    0x080006b2   0x080006b2   0x00000002   PAD
    0x080006b4   0x080006b4   0x0000014c   Code   RO          964    .text.Car_Init      car.o
    0x08000800   0x08000800   0x00000140   Code   RO          764    .text.Car_Task      main.o
    0x08000940   0x08000940   0x00000002   Code   RO          788    .text.DebugMon_Handler  stm32f10x_it.o
    0x08000942   0x08000942   0x00000002   PAD
    0x08000944   0x08000944   0x000000c0   Code   RO          393    .text.GPIO_Init     stm32f10x_gpio.o
    0x08000a04   0x08000a04   0x00000004   Code   RO          407    .text.GPIO_ResetBits  stm32f10x_gpio.o
    0x08000a08   0x08000a08   0x00000004   Code   RO          405    .text.GPIO_SetBits  stm32f10x_gpio.o
    0x08000a0c   0x08000a0c   0x00000002   Code   RO          780    .text.HardFault_Handler  stm32f10x_it.o
    0x08000a0e   0x08000a0e   0x00000002   PAD
    0x08000a10   0x08000a10   0x00000034   Code   RO          928    .text.LED_Init      led.o
    0x08000a44   0x08000a44   0x0000002c   Code   RO          762    .text.Led_Flash_Task  main.o
    0x08000a70   0x08000a70   0x00000002   Code   RO          782    .text.MemManage_Handler  stm32f10x_it.o
    0x08000a72   0x08000a72   0x00000002   PAD
    0x08000a74   0x08000a74   0x0000002e   Code   RO          938    .text.Motor_GPIO_Config  motor.o
    0x08000aa2   0x08000aa2   0x00000002   PAD
    0x08000aa4   0x08000aa4   0x00000002   Code   RO          778    .text.NMI_Handler   stm32f10x_it.o
    0x08000aa6   0x08000aa6   0x00000002   PAD
    0x08000aa8   0x08000aa8   0x0000005e   Code   RO          373    .text.NVIC_Init     misc.o
    0x08000b06   0x08000b06   0x00000002   PAD
    0x08000b08   0x08000b08   0x00000014   Code   RO          371    .text.NVIC_PriorityGroupConfig  misc.o
    0x08000b1c   0x08000b1c   0x00000004   PAD
    0x08000b20   0x08000b20   0x00000044   Code   RO          328    .text.PendSV_Handler  port.o
    0x08000b64   0x08000b64   0x00000018   Code   RO          480    .text.RCC_APB1PeriphClockCmd  stm32f10x_rcc.o
    0x08000b7c   0x08000b7c   0x00000018   Code   RO          478    .text.RCC_APB2PeriphClockCmd  stm32f10x_rcc.o
    0x08000b94   0x08000b94   0x000000a0   Code   RO          474    .text.RCC_GetClocksFreq  stm32f10x_rcc.o
    0x08000c34   0x08000c34   0x0000000c   PAD
    0x08000c40   0x08000c40   0x00000024   Code   RO          314    .text.SVC_Handler   port.o
    0x08000c64   0x08000c64   0x0000001a   Code   RO          940    .text.Set_Motorx_Rotate_Dir  motor.o
    0x08000c7e   0x08000c7e   0x00000002   PAD
    0x08000c80   0x08000c80   0x00000054   Code   RO          902    .text.Set_TIM1CH4_Duty  timer.o
    0x08000cd4   0x08000cd4   0x00000054   Code   RO          906    .text.Set_TIM2CH4_Duty  timer.o
    0x08000d28   0x08000d28   0x00000054   Code   RO          910    .text.Set_TIM3CH4_Duty  timer.o
    0x08000d7c   0x08000d7c   0x00000054   Code   RO          914    .text.Set_TIM4CH4_Duty  timer.o
    0x08000dd0   0x08000dd0   0x00000078   Code   RO          760    .text.Start_Task    main.o
    0x08000e48   0x08000e48   0x00000018   Code   RO          379    .text.SysTick_CLKSourceConfig  misc.o
    0x08000e60   0x08000e60   0x00000014   Code   RO          826    .text.SysTick_Handler  delay.o
    0x08000e74   0x08000e74   0x00000110   Code   RO          797    .text.SystemInit    system_stm32f10x.o
    0x08000f84   0x08000f84   0x00000014   Code   RO          648    .text.TIM_ARRPreloadConfig  stm32f10x_tim.o
    0x08000f98   0x08000f98   0x00000012   Code   RO          608    .text.TIM_Cmd       stm32f10x_tim.o
    0x08000faa   0x08000faa   0x00000002   PAD
    0x08000fac   0x08000fac   0x00000018   Code   RO          610    .text.TIM_CtrlPWMOutputs  stm32f10x_tim.o
    0x08000fc4   0x08000fc4   0x0000000e   Code   RO          658    .text.TIM_OC2PreloadConfig  stm32f10x_tim.o
    0x08000fd2   0x08000fd2   0x00000002   PAD
    0x08000fd4   0x08000fd4   0x0000005c   Code   RO          584    .text.TIM_OC4Init   stm32f10x_tim.o
    0x08001030   0x08001030   0x00000006   Code   RO          724    .text.TIM_SetCompare4  stm32f10x_tim.o
    0x08001036   0x08001036   0x00000002   PAD
    0x08001038   0x08001038   0x000000aa   Code   RO          576    .text.TIM_TimeBaseInit  stm32f10x_tim.o
    0x080010e2   0x080010e2   0x00000002   PAD
    0x080010e4   0x080010e4   0x00000084   Code   RO          890    .text.Timer1_Pwm_Init  timer.o
    0x08001168   0x08001168   0x00000088   Code   RO          892    .text.Timer2_Pwm_Init  timer.o
    0x080011f0   0x080011f0   0x00000082   Code   RO          894    .text.Timer3_Pwm_Init  timer.o
    0x08001272   0x08001272   0x00000002   PAD
    0x08001274   0x08001274   0x00000084   Code   RO          896    .text.Timer4_Pwm_Init  timer.o
    0x080012f8   0x080012f8   0x0000006e   Code   RO          856    .text.USART1_IRQHandler  usart.o
    0x08001366   0x08001366   0x00000002   PAD
    0x08001368   0x08001368   0x000000f4   Code   RO          850    .text.USART1_Init   usart.o
    0x0800145c   0x0800145c   0x00000128   Code   RO          872    .text.USART3_IRQHandler  usart.o
    0x08001584   0x08001584   0x000000fc   Code   RO          858    .text.USART3_Init   usart.o
    0x08001680   0x08001680   0x00000044   Code   RO          864    .text.USART3_Send_String  usart.o
    0x080016c4   0x080016c4   0x00000014   Code   RO          518    .text.USART_Cmd     stm32f10x_usart.o
    0x080016d8   0x080016d8   0x0000000a   Code   RO          558    .text.USART_GetFlagStatus  stm32f10x_usart.o
    0x080016e2   0x080016e2   0x00000002   PAD
    0x080016e4   0x080016e4   0x00000030   Code   RO          562    .text.USART_GetITStatus  stm32f10x_usart.o
    0x08001714   0x08001714   0x0000002e   Code   RO          520    .text.USART_ITConfig  stm32f10x_usart.o
    0x08001742   0x08001742   0x00000002   PAD
    0x08001744   0x08001744   0x000000b6   Code   RO          510    .text.USART_Init    stm32f10x_usart.o
    0x080017fa   0x080017fa   0x00000002   PAD
    0x080017fc   0x080017fc   0x00000008   Code   RO          536    .text.USART_ReceiveData  stm32f10x_usart.o
    0x08001804   0x08001804   0x00000008   Code   RO          534    .text.USART_SendData  stm32f10x_usart.o
    0x0800180c   0x0800180c   0x00000006   Code   RO          950    .text.Update_Car_Motor11_Duty  car.o
    0x08001812   0x08001812   0x00000002   PAD
    0x08001814   0x08001814   0x00000006   Code   RO          952    .text.Update_Car_Motor12_Duty  car.o
    0x0800181a   0x0800181a   0x00000002   PAD
    0x0800181c   0x0800181c   0x00000006   Code   RO          954    .text.Update_Car_Motor21_Duty  car.o
    0x08001822   0x08001822   0x00000002   PAD
    0x08001824   0x08001824   0x00000006   Code   RO          956    .text.Update_Car_Motor22_Duty  car.o
    0x0800182a   0x0800182a   0x00000002   PAD
    0x0800182c   0x0800182c   0x00000002   Code   RO          786    .text.UsageFault_Handler  stm32f10x_it.o
    0x0800182e   0x0800182e   0x00000002   PAD
    0x08001830   0x08001830   0x00000002   Code   RO          846    .text._sys_exit     usart.o
    0x08001832   0x08001832   0x00000002   PAD
    0x08001834   0x08001834   0x00000058   Code   RO          828    .text.delay_init    delay.o
    0x0800188c   0x0800188c   0x00000014   Code   RO          848    .text.fputc         usart.o
    0x080018a0   0x080018a0   0x00000050   Code   RO          758    .text.main          main.o
    0x080018f0   0x080018f0   0x000000a6   Code   RO          146    .text.prvAddCurrentTaskToDelayedList  tasks.o
    0x08001996   0x08001996   0x00000002   PAD
    0x08001998   0x08001998   0x00000070   Code   RO          266    .text.prvCheckForValidListAndQueue  timers.o
    0x08001a08   0x08001a08   0x0000008e   Code   RO          170    .text.prvIdleTask   tasks.o
    0x08001a96   0x08001a96   0x00000002   PAD
    0x08001a98   0x08001a98   0x000000e8   Code   RO           80    .text.prvNotifyQueueSetContainer  queue.o
    0x08001b80   0x08001b80   0x00000020   Code   RO          320    .text.prvPortStartFirstTask  port.o
    0x08001ba0   0x08001ba0   0x000000fc   Code   RO          292    .text.prvSampleTimeNow  timers.o
    0x08001c9c   0x08001c9c   0x00000046   Code   RO          312    .text.prvTaskExitError  port.o
    0x08001ce2   0x08001ce2   0x00000002   PAD
    0x08001ce4   0x08001ce4   0x000002a6   Code   RO          268    .text.prvTimerTask  timers.o
    0x08001f8a   0x08001f8a   0x00000002   PAD
    0x08001f8c   0x08001f8c   0x00000088   Code   RO           82    .text.prvUnlockQueue  queue.o
    0x08002014   0x08002014   0x000001ca   Code   RO          346    .text.pvPortMalloc  heap_4.o
    0x080021de   0x080021de   0x00000002   PAD
    0x080021e0   0x080021e0   0x00000018   Code   RO          220    .text.pvTaskIncrementMutexHeldCount  tasks.o
    0x080021f8   0x080021f8   0x00000020   Code   RO          310    .text.pxPortInitialiseStack  port.o
    0x08002218   0x08002218   0x00000022   Code   RO           53    .text.uxListRemove  list.o
    0x0800223a   0x0800223a   0x00000002   PAD
    0x0800223c   0x0800223c   0x0000001e   Code   RO           45    .text.vListInitialise  list.o
    0x0800225a   0x0800225a   0x00000002   PAD
    0x0800225c   0x0800225c   0x0000000e   Code   RO           47    .text.vListInitialiseItem  list.o
    0x0800226a   0x0800226a   0x00000002   PAD
    0x0800226c   0x0800226c   0x0000007e   Code   RO           51    .text.vListInsert   list.o
    0x080022ea   0x080022ea   0x00000002   PAD
    0x080022ec   0x080022ec   0x0000006a   Code   RO           49    .text.vListInsertEnd  list.o
    0x08002356   0x08002356   0x00000002   PAD
    0x08002358   0x08002358   0x0000004c   Code   RO          324    .text.vPortEnterCritical  port.o
    0x080023a4   0x080023a4   0x00000038   Code   RO          326    .text.vPortExitCritical  port.o
    0x080023dc   0x080023dc   0x000000ea   Code   RO          348    .text.vPortFree     heap_4.o
    0x080024c6   0x080024c6   0x00000002   PAD
    0x080024c8   0x080024c8   0x00000034   Code   RO          318    .text.vPortSetupTimerInterrupt  port.o
    0x080024fc   0x080024fc   0x00000028   Code   RO          112    .text.vQueueAddToRegistry  queue.o
    0x08002524   0x08002524   0x00000046   Code   RO          116    .text.vQueueWaitForMessageRestricted  queue.o
    0x0800256a   0x0800256a   0x00000002   PAD
    0x0800256c   0x0800256c   0x000000c8   Code   RO          150    .text.vTaskDelay    tasks.o
    0x08002634   0x08002634   0x00000122   Code   RO          140    .text.vTaskDelete   tasks.o
    0x08002756   0x08002756   0x00000002   PAD
    0x08002758   0x08002758   0x0000000e   Code   RO          200    .text.vTaskMissedYield  tasks.o
    0x08002766   0x08002766   0x00000002   PAD
    0x08002768   0x08002768   0x00000040   Code   RO          186    .text.vTaskPlaceOnEventList  tasks.o
    0x080027a8   0x080027a8   0x0000004a   Code   RO          190    .text.vTaskPlaceOnEventListRestricted  tasks.o
    0x080027f2   0x080027f2   0x00000002   PAD
    0x080027f4   0x080027f4   0x00000090   Code   RO          212    .text.vTaskPriorityInherit  tasks.o
    0x08002884   0x08002884   0x000000a8   Code   RO          164    .text.vTaskResume   tasks.o
    0x0800292c   0x0800292c   0x00000038   Code   RO          196    .text.vTaskSetTimeOutState  tasks.o
    0x08002964   0x08002964   0x000000a0   Code   RO          168    .text.vTaskStartScheduler  tasks.o
    0x08002a04   0x08002a04   0x00000184   Code   RO          160    .text.vTaskSuspend  tasks.o
    0x08002b88   0x08002b88   0x00000010   Code   RO          144    .text.vTaskSuspendAll  tasks.o
    0x08002b98   0x08002b98   0x00000086   Code   RO          162    .text.vTaskSwitchContext  tasks.o
    0x08002c1e   0x08002c1e   0x00000002   PAD
    0x08002c20   0x08002c20   0x00000110   Code   RO          316    .text.xPortStartScheduler  port.o
    0x08002d30   0x08002d30   0x0000002e   Code   RO          330    .text.xPortSysTickHandler  port.o
    0x08002d5e   0x08002d5e   0x00000002   PAD
    0x08002d60   0x08002d60   0x0000008e   Code   RO           66    .text.xQueueGenericCreate  queue.o
    0x08002dee   0x08002dee   0x00000002   PAD
    0x08002df0   0x08002df0   0x00000200   Code   RO           76    .text.xQueueGenericReceive  queue.o
    0x08002ff0   0x08002ff0   0x00000248   Code   RO           72    .text.xQueueGenericSend  queue.o
    0x08003238   0x08003238   0x0000009c   Code   RO          198    .text.xTaskCheckForTimeOut  tasks.o
    0x080032d4   0x080032d4   0x000001de   Code   RO          138    .text.xTaskCreate   tasks.o
    0x080034b2   0x080034b2   0x00000002   PAD
    0x080034b4   0x080034b4   0x00000026   Code   RO          210    .text.xTaskGetSchedulerState  tasks.o
    0x080034da   0x080034da   0x00000002   PAD
    0x080034dc   0x080034dc   0x0000000c   Code   RO          176    .text.xTaskGetTickCount  tasks.o
    0x080034e8   0x080034e8   0x00000174   Code   RO          174    .text.xTaskIncrementTick  tasks.o
    0x0800365c   0x0800365c   0x000000b8   Code   RO          214    .text.xTaskPriorityDisinherit  tasks.o
    0x08003714   0x08003714   0x00000092   Code   RO          192    .text.xTaskRemoveFromEventList  tasks.o
    0x080037a6   0x080037a6   0x00000002   PAD
    0x080037a8   0x080037a8   0x0000013c   Code   RO          148    .text.xTaskResumeAll  tasks.o
    0x080038e4   0x080038e4   0x00000068   Code   RO          264    .text.xTimerCreateTimerTask  timers.o
    0x0800394c   0x0800394c   0x000002b4   Code   RO         1058    x$fpl$ddiv          fz_ws.l(ddiv.o)
    0x08003c00   0x08003c00   0x0000005e   Code   RO         1061    x$fpl$dfix          fz_ws.l(dfix.o)
    0x08003c5e   0x08003c5e   0x0000002e   Code   RO         1066    x$fpl$dflt          fz_ws.l(dflt_clz.o)
    0x08003c8c   0x08003c8c   0x00000026   Code   RO         1065    x$fpl$dfltu         fz_ws.l(dflt_clz.o)
    0x08003cb2   0x08003cb2   0x00000002   PAD
    0x08003cb4   0x08003cb4   0x00000154   Code   RO         1071    x$fpl$dmul          fz_ws.l(dmul.o)
    0x08003e08   0x08003e08   0x0000009c   Code   RO         1091    x$fpl$dnaninf       fz_ws.l(dnaninf.o)
    0x08003ea4   0x08003ea4   0x0000000c   Code   RO         1093    x$fpl$dretinf       fz_ws.l(dretinf.o)
    0x08003eb0   0x08003eb0   0x00000000   Code   RO         1095    x$fpl$usenofp       fz_ws.l(usenofp.o)
    0x08003eb0   0x08003eb0   0x00000004   Data   RO          499    .rodata.ADCPrescTable  stm32f10x_rcc.o
    0x08003eb4   0x08003eb4   0x00000010   Data   RO          498    .rodata.APBAHBPrescTable  stm32f10x_rcc.o
    0x08003ec4   0x08003ec4   0x00000021   Data   RO           55    .rodata.str1.1      list.o
    0x08003ee5   0x08003ee5   0x00000014   Data   RO          128    .rodata.str1.1      queue.o
    0x08003ef9   0x08003ef9   0x00000014   Data   RO          243    .rodata.str1.1      tasks.o
    0x08003f0d   0x08003f0d   0x00000015   Data   RO          296    .rodata.str1.1      timers.o
    0x08003f22   0x08003f22   0x00000029   Data   RO          336    .rodata.str1.1      port.o
    0x08003f4b   0x08003f4b   0x00000026   Data   RO          358    .rodata.str1.1      heap_4.o
    0x08003f71   0x08003f71   0x0000002a   Data   RO          769    .rodata.str1.1      main.o
    0x08003f9b   0x08003f9b   0x00000035   Data   RO          881    .rodata.str1.1      usart.o
    0x08003fd0   0x08003fd0   0x00000011   Data   RO          966    .rodata.str1.1      car.o
    0x08003fe1   0x08003fe1   0x00000003   PAD
    0x08003fe4   0x08003fe4   0x00000020   Data   RO         1257    Region$$Table       anon$$obj.o


    Execution Region RW_IRAM1 (Exec base: 0x20000000, Load base: 0x08004008, Size: 0x00003608, Max: 0x00005000, ABSOLUTE)

    Exec Addr    Load Addr    Size         Type   Attr      Idx    E Section Name        Object

    0x20000000   0x08004008   0x00000004   Data   RW          801    .data.SystemCoreClock  system_stm32f10x.o
    0x20000004   0x0800400c   0x00000004   Data   RW          337    .data.uxCriticalNesting  port.o
    0x20000008   0x08004010   0x00000060   Data   RW          967    .data.wheels        car.o
    0x20000068        -       0x00000060   Zero   RW         1128    .bss                c_w.l(libspace.o)
    0x200000c8        -       0x00000004   Zero   RW          768    .bss.CarTask_Handler  main.o
    0x200000cc        -       0x00000004   Zero   RW          767    .bss.LEDFlashTask_Handler  main.o
    0x200000d0        -       0x00000004   Zero   RW          766    .bss.StartTask_Handler  main.o
    0x200000d4        -       0x000000c8   Zero   RW          875    .bss.USART1_RX_BUF  usart.o
    0x2000019c        -       0x00000002   Zero   RW          874    .bss.USART1_RX_STA  usart.o
    0x2000019e        -       0x00000001   Zero   RW          879    .bss.USART3_IRQHandler.car_DataPacket_Rx_Flag  usart.o
    0x2000019f        -       0x00000001   Zero   RW          878    .bss.USART3_IRQHandler.errTimes  usart.o
    0x200001a0        -       0x000000c8   Zero   RW          877    .bss.USART3_RX_BUF  usart.o
    0x20000268        -       0x00000002   Zero   RW          876    .bss.USART3_RX_STA  usart.o
    0x2000026a   0x08004070   0x00000002   PAD
    0x2000026c        -       0x00000004   Zero   RW          880    .bss.__stdout       usart.o
    0x20000270        -       0x00000001   Zero   RW          837    .bss.fac_ms         delay.o
    0x20000271        -       0x00000001   Zero   RW          836    .bss.fac_us         delay.o
    0x20000272   0x08004070   0x00000002   PAD
    0x20000274        -       0x00000004   Zero   RW          299    .bss.prvSampleTimeNow.xLastTime  timers.o
    0x20000278        -       0x00000004   Zero   RW          234    .bss.pxCurrentTCB   tasks.o
    0x2000027c        -       0x00000004   Zero   RW          297    .bss.pxCurrentTimerList  timers.o
    0x20000280        -       0x00000004   Zero   RW          245    .bss.pxDelayedTaskList  tasks.o
    0x20000284        -       0x00000004   Zero   RW          356    .bss.pxEnd          heap_4.o
    0x20000288        -       0x00000004   Zero   RW          246    .bss.pxOverflowDelayedTaskList  tasks.o
    0x2000028c        -       0x00000004   Zero   RW          298    .bss.pxOverflowTimerList  timers.o
    0x20000290        -       0x00000400   Zero   RW          235    .bss.pxReadyTasksLists  tasks.o
    0x20000690        -       0x00002800   Zero   RW          362    .bss.ucHeap         heap_4.o
    0x20002e90        -       0x00000001   Zero   RW          334    .bss.ucMaxSysCallPriority  port.o
    0x20002e91   0x08004070   0x00000003   PAD
    0x20002e94        -       0x00000004   Zero   RW          335    .bss.ulMaxPRIGROUPValue  port.o
    0x20002e98        -       0x00000004   Zero   RW          240    .bss.uxCurrentNumberOfTasks  tasks.o
    0x20002e9c        -       0x00000004   Zero   RW          239    .bss.uxDeletedTasksWaitingCleanUp  tasks.o
    0x20002ea0        -       0x00000004   Zero   RW          252    .bss.uxPendedTicks  tasks.o
    0x20002ea4        -       0x00000004   Zero   RW          242    .bss.uxSchedulerSuspended  tasks.o
    0x20002ea8        -       0x00000004   Zero   RW          237    .bss.uxTaskNumber   tasks.o
    0x20002eac        -       0x00000004   Zero   RW          236    .bss.uxTopReadyPriority  tasks.o
    0x20002eb0        -       0x00000020   Zero   RW          300    .bss.xActiveTimerList1  timers.o
    0x20002ed0        -       0x00000020   Zero   RW          301    .bss.xActiveTimerList2  timers.o
    0x20002ef0        -       0x00000001   Zero   RW          357    .bss.xBlockAllocatedBit  heap_4.o
    0x20002ef1   0x08004070   0x00000003   PAD
    0x20002ef4        -       0x00000020   Zero   RW          254    .bss.xDelayedTaskList1  tasks.o
    0x20002f14        -       0x00000020   Zero   RW          255    .bss.xDelayedTaskList2  tasks.o
    0x20002f34        -       0x00000004   Zero   RW          359    .bss.xFreeBytesRemaining  heap_4.o
    0x20002f38        -       0x00000004   Zero   RW          249    .bss.xIdleTaskHandle  tasks.o
    0x20002f3c        -       0x00000004   Zero   RW          361    .bss.xMinimumEverFreeBytesRemaining  heap_4.o
    0x20002f40        -       0x00000004   Zero   RW          250    .bss.xNextTaskUnblockTime  tasks.o
    0x20002f44        -       0x00000004   Zero   RW          253    .bss.xNumOfOverflows  tasks.o
    0x20002f48        -       0x00000020   Zero   RW          248    .bss.xPendingReadyList  tasks.o
    0x20002f68        -       0x00000040   Zero   RW          129    .bss.xQueueRegistry  queue.o
    0x20002fa8        -       0x00000004   Zero   RW          241    .bss.xSchedulerRunning  tasks.o
    0x20002fac        -       0x00000008   Zero   RW          360    .bss.xStart         heap_4.o
    0x20002fb4        -       0x00000020   Zero   RW          247    .bss.xSuspendedTaskList  tasks.o
    0x20002fd4        -       0x00000020   Zero   RW          238    .bss.xTasksWaitingTermination  tasks.o
    0x20002ff4        -       0x00000004   Zero   RW          244    .bss.xTickCount     tasks.o
    0x20002ff8        -       0x00000004   Zero   RW          294    .bss.xTimerQueue    timers.o
    0x20002ffc        -       0x00000004   Zero   RW          295    .bss.xTimerTaskHandle  timers.o
    0x20003000        -       0x00000004   Zero   RW          251    .bss.xYieldPending  tasks.o
    0x20003004   0x08004070   0x00000004   PAD
    0x20003008        -       0x00000200   Zero   RW            2    HEAP                startup_stm32f10x_md.o
    0x20003208        -       0x00000400   Zero   RW            1    STACK               startup_stm32f10x_md.o


==============================================================================

Image component sizes


      Code (inc. data)   RO Data    RW Data    ZI Data      Debug   Object Name

        12          0          0          0          0       1559   ble.o
       434         76         17         96          0       4015   car.o
       108          0          0          0          2       2937   delay.o
       692          0         38          0      10261       3746   heap_4.o
        52          0          0          0          0       1928   led.o
       310          0         33          0          0       2507   list.o
       564        184         42          0         12       2583   main.o
       138          0          0          0          0       3273   misc.o
        72          0          0          0          0       2374   motor.o
       740         12         41          4          5       3694   port.o
      1716          0         20          0         64      18312   queue.o
        64         26        236          0       1536        856   startup_stm32f10x_md.o
       200          0          0          0          0       5952   stm32f10x_gpio.o
        12          0          0          0          0        799   stm32f10x_it.o
       208          0         20          0          0       8296   stm32f10x_rcc.o
       344          0          0          0          0      28957   stm32f10x_tim.o
       322          0          0          0          0       8562   stm32f10x_usart.o
       272          0          0          4          0       2644   system_stm32f10x.o
      3742          8         20          0       1244      31518   tasks.o
       866          0          0          0          0       7362   timer.o
      1146         16         21          0         84      11359   timers.o
       992        144         53          0        410       8242   usart.o

    ----------------------------------------------------------------------
     13112        466        576        104      13632     161475   Object Totals
         0          0         32          0          0          0   (incl. Generated)
       106          0          3          0         14          0   (incl. Padding)

    ----------------------------------------------------------------------

      Code (inc. data)   RO Data    RW Data    ZI Data      Debug   Library Member Name

         8          0          0          0          0         68   __main.o
       104          0          0          0          0         84   __printf.o
         0          0          0          0          0          0   __rtentry.o
        12          0          0          0          0          0   __rtentry2.o
         6          0          0          0          0          0   __rtentry4.o
        52          8          0          0          0          0   __scatter.o
        26          0          0          0          0          0   __scatter_copy.o
        28          0          0          0          0          0   __scatter_zi.o
         6          0          0          0          0          0   _printf_c.o
        44          0          0          0          0        108   _printf_char.o
        48          6          0          0          0         96   _printf_char_common.o
        36          4          0          0          0         80   _printf_char_file.o
         6          0          0          0          0          0   _printf_d.o
       120         16          0          0          0         92   _printf_dec.o
       178          0          0          0          0         88   _printf_intcommon.o
         0          0          0          0          0          0   _printf_percent.o
         4          0          0          0          0          0   _printf_percent_end.o
         6          0          0          0          0          0   _printf_s.o
        82          0          0          0          0         80   _printf_str.o
         6          0          0          0          0          0   _printf_u.o
        16          0          0          0          0         68   aeabi_memset4.o
        18          0          0          0          0         80   exit.o
         8          0          0          0          0         68   ferror.o
         6          0          0          0          0        152   heapauxi.o
         2          0          0          0          0          0   libinit.o
         2          0          0          0          0          0   libinit2.o
         2          0          0          0          0          0   libshutdown.o
         2          0          0          0          0          0   libshutdown2.o
         8          4          0          0         96         68   libspace.o
        24          4          0          0          0         84   noretval__2printf.o
        44          4          0          0          0         84   puts.o
        78          0          0          0          0         80   rt_memclr_w.o
       138          0          0          0          0         68   rt_memcpy_v6.o
       100          0          0          0          0         80   rt_memcpy_w.o
         2          0          0          0          0          0   rtexit.o
        10          0          0          0          0          0   rtexit2.o
        74          0          0          0          0         80   sys_stackheap_outer.o
         2          0          0          0          0         68   use_no_semi.o
         2          0          0          0          0         68   use_no_semi_2.o
       692        140          0          0          0        216   ddiv.o
        94          4          0          0          0         92   dfix.o
        84          0          0          0          0        136   dflt_clz.o
       340         12          0          0          0        104   dmul.o
       156          4          0          0          0         92   dnaninf.o
        12          0          0          0          0         68   dretinf.o
         0          0          0          0          0          0   usenofp.o

    ----------------------------------------------------------------------
      2700        206          0          0         96       2452   Library Totals
        12          0          0          0          0          0   (incl. Padding)

    ----------------------------------------------------------------------

      Code (inc. data)   RO Data    RW Data    ZI Data      Debug   Library Name

      1310         46          0          0         96       1744   c_w.l
      1378        160          0          0          0        708   fz_ws.l

    ----------------------------------------------------------------------
      2700        206          0          0         96       2452   Library Totals

    ----------------------------------------------------------------------

==============================================================================


      Code (inc. data)   RO Data    RW Data    ZI Data      Debug   

     15812        672        576        104      13728     162327   Grand Totals
     15812        672        576        104      13728     162327   ELF Image Totals
     15812        672        576        104          0          0   ROM Totals

==============================================================================

    Total RO  Size (Code + RO Data)                16388 (  16.00kB)
    Total RW  Size (RW Data + ZI Data)             13832 (  13.51kB)
    Total ROM Size (Code + RO Data + RW Data)      16492 (  16.11kB)

==============================================================================

