<html>
<body>
<pre>
<h1>µVision Build Log</h1>
<h2>Tool Versions:</h2>
IDE-Version: ¦ÌVision V5.38.0.0
Copyright (C) 2022 ARM Ltd and ARM Germany GmbH. All rights reserved.
License Information: 2 2, 2, LIC=65ISZ-JEA0K-SB2EJ-UP0CV-JKCDR-5WBXF
 
Tool Versions:
Toolchain:       MDK-ARM Plus  Version: 5.38.0.0
Toolchain Path:  D:\Keil_v5\ARM\ARMCLANG\Bin
C Compiler:      ArmClang.exe V6.19
Assembler:       Armasm.exe V6.19
Linker/Locator:  ArmLink.exe V6.19
Library Manager: ArmAr.exe V6.19
Hex Converter:   FromElf.exe V6.19
CPU DLL:         SARMCM3.DLL V5.38.0.0
Dialog DLL:      DCM.DLL V1.17.5.0
Target DLL:      STLink\ST-LINKIII-KEIL_SWO.dll V3.1.0.0
Dialog DLL:      TCM.DLL V1.56.4.0
 
<h2>Project:</h2>
D:\code\EmbeddedProject\M3-Project\FreeRTOS-STM32-M3-Car-DataPacket\MDK-ARM\Car_DataPacket.uvprojx
Project File Date:  01/18/2023

<h2>Output:</h2>
*** Using Compiler 'V6.19', folder: 'D:\Keil_v5\ARM\ARMCLANG\Bin'
Rebuild target 'FLASH'
compiling croutine.c...
assembling startup_stm32f10x_md.s...
compiling list.c...
compiling event_groups.c...
compiling stm32f10x_it.c...
compiling misc.c...
compiling heap_4.c...
compiling port.c...
compiling stm32f10x_usart.c...
compiling stm32f10x_gpio.c...
compiling main.c...
compiling stm32f10x_rcc.c...
compiling queue.c...
compiling timers.c...
compiling system_stm32f10x.c...
compiling sys.c...
compiling delay.c...
compiling stm32f10x_tim.c...
compiling tasks.c...
compiling usart.c...
compiling timer.c...
compiling led.c...
compiling motor.c...
compiling ble.c...
compiling car.c...
linking...
Program Size: Code=15812 RO-data=576 RW-data=104 ZI-data=13728  
FromELF: creating hex file...
".\Objects\Car_DataPacket.axf" - 0 Error(s), 0 Warning(s).

<h2>Software Packages used:</h2>

Package Vendor: Keil
                http://www.keil.com/pack/Keil.STM32F1xx_DFP.2.4.0.pack
                Keil.STM32F1xx_DFP.2.4.0
                STMicroelectronics STM32F1 Series Device Support, Drivers and Examples

<h2>Collection of Component include folders:</h2>
  D:/Users/YEWAN/AppData/Local/Arm/Packs/Keil/STM32F1xx_DFP/2.4.0/Device/Include

<h2>Collection of Component Files used:</h2>
Build Time Elapsed:  00:00:02
</pre>
</body>
</html>
